Archive member included to satisfy reference by file (symbol)

C:\Users\Drogoth\AppData\Local\arduino\sketches\5B74A777885122E91C8732D968E37FA7/..\..\cores\sandeepmistry_nRF5_Generic_nRF52833_softdevice_none,lfclk_lfxo_1e049c52f3da9da825db5b125609bf59\core.a(Print.cpp.o)
                              C:\Users\Drogoth\AppData\Local\arduino\sketches\5B74A777885122E91C8732D968E37FA7\sketch\accel_test.ino.cpp.o (Print::print(char const*))
C:\Users\Drogoth\AppData\Local\arduino\sketches\5B74A777885122E91C8732D968E37FA7/..\..\cores\sandeepmistry_nRF5_Generic_nRF52833_softdevice_none,lfclk_lfxo_1e049c52f3da9da825db5b125609bf59\core.a(RingBuffer.cpp.o)
                              C:\Users\Drogoth\AppData\Local\arduino\sketches\5B74A777885122E91C8732D968E37FA7\libraries\Wire\Wire_nRF52.cpp.o (RingBuffer::RingBuffer())
C:\Users\Drogoth\AppData\Local\arduino\sketches\5B74A777885122E91C8732D968E37FA7/..\..\cores\sandeepmistry_nRF5_Generic_nRF52833_softdevice_none,lfclk_lfxo_1e049c52f3da9da825db5b125609bf59\core.a(gcc_startup_nrf52833.S.o)
                              (Reset_Handler)
C:\Users\Drogoth\AppData\Local\arduino\sketches\5B74A777885122E91C8732D968E37FA7/..\..\cores\sandeepmistry_nRF5_Generic_nRF52833_softdevice_none,lfclk_lfxo_1e049c52f3da9da825db5b125609bf59\core.a(system_nrf52.c.o)
                              C:\Users\Drogoth\AppData\Local\arduino\sketches\5B74A777885122E91C8732D968E37FA7/..\..\cores\sandeepmistry_nRF5_Generic_nRF52833_softdevice_none,lfclk_lfxo_1e049c52f3da9da825db5b125609bf59\core.a(gcc_startup_nrf52833.S.o) (SystemInit)
C:\Users\Drogoth\AppData\Local\arduino\sketches\5B74A777885122E91C8732D968E37FA7/..\..\cores\sandeepmistry_nRF5_Generic_nRF52833_softdevice_none,lfclk_lfxo_1e049c52f3da9da825db5b125609bf59\core.a(Uart.cpp.o)
                              C:\Users\Drogoth\AppData\Local\arduino\sketches\5B74A777885122E91C8732D968E37FA7\sketch\accel_test.ino.cpp.o (Uart::begin(unsigned long))
C:\Users\Drogoth\AppData\Local\arduino\sketches\5B74A777885122E91C8732D968E37FA7/..\..\cores\sandeepmistry_nRF5_Generic_nRF52833_softdevice_none,lfclk_lfxo_1e049c52f3da9da825db5b125609bf59\core.a(abi.cpp.o)
                              C:\Users\Drogoth\AppData\Local\arduino\sketches\5B74A777885122E91C8732D968E37FA7/..\..\cores\sandeepmistry_nRF5_Generic_nRF52833_softdevice_none,lfclk_lfxo_1e049c52f3da9da825db5b125609bf59\core.a(Print.cpp.o) (__cxa_pure_virtual)
C:\Users\Drogoth\AppData\Local\arduino\sketches\5B74A777885122E91C8732D968E37FA7/..\..\cores\sandeepmistry_nRF5_Generic_nRF52833_softdevice_none,lfclk_lfxo_1e049c52f3da9da825db5b125609bf59\core.a(delay.c.o)
                              C:\Users\Drogoth\AppData\Local\arduino\sketches\5B74A777885122E91C8732D968E37FA7\libraries\SparkFun_LIS2DH12_Arduino_Library\SparkFun_LIS2DH12.cpp.o (delay)
C:\Users\Drogoth\AppData\Local\arduino\sketches\5B74A777885122E91C8732D968E37FA7/..\..\cores\sandeepmistry_nRF5_Generic_nRF52833_softdevice_none,lfclk_lfxo_1e049c52f3da9da825db5b125609bf59\core.a(hooks.c.o)
                              C:\Users\Drogoth\AppData\Local\arduino\sketches\5B74A777885122E91C8732D968E37FA7/..\..\cores\sandeepmistry_nRF5_Generic_nRF52833_softdevice_none,lfclk_lfxo_1e049c52f3da9da825db5b125609bf59\core.a(delay.c.o) (yield)
C:\Users\Drogoth\AppData\Local\arduino\sketches\5B74A777885122E91C8732D968E37FA7/..\..\cores\sandeepmistry_nRF5_Generic_nRF52833_softdevice_none,lfclk_lfxo_1e049c52f3da9da825db5b125609bf59\core.a(main.cpp.o)
                              c:/users/drogoth/appdata/local/arduino15/packages/sandeepmistry/tools/gcc-arm-none-eabi/5_2-2015q4/bin/../lib/gcc/arm-none-eabi/5.2.1/../../../../arm-none-eabi/lib/armv7e-m/fpu/crt0.o (main)
C:\Users\Drogoth\AppData\Local\arduino\sketches\5B74A777885122E91C8732D968E37FA7/..\..\cores\sandeepmistry_nRF5_Generic_nRF52833_softdevice_none,lfclk_lfxo_1e049c52f3da9da825db5b125609bf59\core.a(wiring.c.o)
                              C:\Users\Drogoth\AppData\Local\arduino\sketches\5B74A777885122E91C8732D968E37FA7/..\..\cores\sandeepmistry_nRF5_Generic_nRF52833_softdevice_none,lfclk_lfxo_1e049c52f3da9da825db5b125609bf59\core.a(main.cpp.o) (init)
c:/users/drogoth/appdata/local/arduino15/packages/sandeepmistry/tools/gcc-arm-none-eabi/5_2-2015q4/bin/../lib/gcc/arm-none-eabi/5.2.1/../../../../arm-none-eabi/lib/armv7e-m/fpu\libm.a(lib_a-s_fpclassify.o)
                              C:\Users\Drogoth\AppData\Local\arduino\sketches\5B74A777885122E91C8732D968E37FA7/..\..\cores\sandeepmistry_nRF5_Generic_nRF52833_softdevice_none,lfclk_lfxo_1e049c52f3da9da825db5b125609bf59\core.a(Print.cpp.o) (__fpclassifyd)
c:/users/drogoth/appdata/local/arduino15/packages/sandeepmistry/tools/gcc-arm-none-eabi/5_2-2015q4/bin/../lib/gcc/arm-none-eabi/5.2.1/armv7e-m/fpu\libgcc.a(_arm_addsubdf3.o)
[...]
Memory Configuration

Name             Origin             Length             Attributes
FLASH            0x00000000         0x00080000         xr
RAM              0x20000000         0x00020000         xrw
CODE_RAM         0x00800000         0x00020000         xrw
*default*        0x00000000         0xffffffff

Linker script and memory map

LOAD c:/users/drogoth/appdata/local/arduino15/packages/sandeepmistry/tools/gcc-arm-none-eabi/5_2-2015q4/bin/../lib/gcc/arm-none-eabi/5.2.1/armv7e-m/fpu/crti.o
LOAD c:/users/drogoth/appdata/local/arduino15/packages/sandeepmistry/tools/gcc-arm-none-eabi/5_2-2015q4/bin/../lib/gcc/arm-none-eabi/5.2.1/armv7e-m/fpu/crtbegin.o
LOAD c:/users/drogoth/appdata/local/arduino15/packages/sandeepmistry/tools/gcc-arm-none-eabi/5_2-2015q4/bin/../lib/gcc/arm-none-eabi/5.2.1/../../../../arm-none-eabi/lib/armv7e-m/fpu/crt0.o
LOAD C:\Users\Drogoth\AppData\Local\arduino\sketches\5B74A777885122E91C8732D968E37FA7\sketch\accel_test.ino.cpp.o
LOAD C:\Users\Drogoth\AppData\Local\arduino\sketches\5B74A777885122E91C8732D968E37FA7\libraries\Wire\Wire_nRF51.cpp.o
LOAD C:\Users\Drogoth\AppData\Local\arduino\sketches\5B74A777885122E91C8732D968E37FA7\libraries\Wire\Wire_nRF52.cpp.o
LOAD C:\Users\Drogoth\AppData\Local\arduino\sketches\5B74A777885122E91C8732D968E37FA7\libraries\SparkFun_LIS2DH12_Arduino_Library\SparkFun_LIS2DH12.cpp.o
LOAD C:\Users\Drogoth\AppData\Local\arduino\sketches\5B74A777885122E91C8732D968E37FA7\libraries\SparkFun_LIS2DH12_Arduino_Library\lis2dh12_reg.cpp.o
LOAD C:\Users\Drogoth\AppData\Local\arduino\sketches\5B74A777885122E91C8732D968E37FA7\core\variant.cpp.o
START GROUP
LOAD c:/users/drogoth/appdata/local/arduino15/packages/sandeepmistry/tools/gcc-arm-none-eabi/5_2-2015q4/bin/../lib/gcc/arm-none-eabi/5.2.1/../../../../arm-none-eabi/lib/armv7e-m/fpu\libm.a
LOAD C:\Users\Drogoth\AppData\Local\arduino\sketches\5B74A777885122E91C8732D968E37FA7/..\..\cores\sandeepmistry_nRF5_Generic_nRF52833_softdevice_none,lfclk_lfxo_1e049c52f3da9da825db5b125609bf59\core.a
END GROUP
START GROUP
LOAD c:/users/drogoth/appdata/local/arduino15/packages/sandeepmistry/tools/gcc-arm-none-eabi/5_2-2015q4/bin/../lib/gcc/arm-none-eabi/5.2.1/armv7e-m/fpu\libgcc.a
LOAD c:/users/drogoth/appdata/local/arduino15/packages/sandeepmistry/tools/gcc-arm-none-eabi/5_2-2015q4/bin/../lib/gcc/arm-none-eabi/5.2.1/../../../../arm-none-eabi/lib/armv7e-m/fpu\libc_nano.a
END GROUP
START GROUP
LOAD c:/users/drogoth/appdata/local/arduino15/packages/sandeepmistry/tools/gcc-arm-none-eabi/5_2-2015q4/bin/../lib/gcc/arm-none-eabi/5.2.1/armv7e-m/fpu\libgcc.a
LOAD c:/users/drogoth/appdata/local/arduino15/packages/sandeepmistry/tools/gcc-arm-none-eabi/5_2-2015q4/bin/../lib/gcc/arm-none-eabi/5.2.1/../../../../arm-none-eabi/lib/armv7e-m/fpu\libc_nano.a
LOAD c:/users/drogoth/appdata/local/arduino15/packages/sandeepmistry/tools/gcc-arm-none-eabi/5_2-2015q4/bin/../lib/gcc/arm-none-eabi/5.2.1/../../../../arm-none-eabi/lib/armv7e-m/fpu\libnosys.a
END GROUP
START GROUP
LOAD c:/users/drogoth/appdata/local/arduino15/packages/sandeepmistry/tools/gcc-arm-none-eabi/5_2-2015q4/bin/../lib/gcc/arm-none-eabi/5.2.1/armv7e-m/fpu\libgcc.a
LOAD c:/users/drogoth/appdata/local/arduino15/packages/sandeepmistry/tools/gcc-arm-none-eabi/5_2-2015q4/bin/../lib/gcc/arm-none-eabi/5.2.1/../../../../arm-none-eabi/lib/armv7e-m/fpu\libc_nano.a
LOAD c:/users/drogoth/appdata/local/arduino15/packages/sandeepmistry/tools/gcc-arm-none-eabi/5_2-2015q4/bin/../lib/gcc/arm-none-eabi/5.2.1/../../../../arm-none-eabi/lib/armv7e-m/fpu\libnosys.a
END GROUP
LOAD c:/users/drogoth/appdata/local/arduino15/packages/sandeepmistry/tools/gcc-arm-none-eabi/5_2-2015q4/bin/../lib/gcc/arm-none-eabi/5.2.1/armv7e-m/fpu/crtend.o
LOAD c:/users/drogoth/appdata/local/arduino15/packages/sandeepmistry/tools/gcc-arm-none-eabi/5_2-2015q4/bin/../lib/gcc/arm-none-eabi/5.2.1/armv7e-m/fpu/crtn.o
START GROUP
LOAD c:/users/drogoth/appdata/local/arduino15/packages/sandeepmistry/tools/gcc-arm-none-eabi/5_2-2015q4/bin/../lib/gcc/arm-none-eabi/5.2.1/armv7e-m/fpu\libgcc.a
LOAD c:/users/drogoth/appdata/local/arduino15/packages/sandeepmistry/tools/gcc-arm-none-eabi/5_2-2015q4/bin/../lib/gcc/arm-none-eabi/5.2.1/../../../../arm-none-eabi/lib/armv7e-m/fpu\libc.a
LOAD c:/users/drogoth/appdata/local/arduino15/packages/sandeepmistry/tools/gcc-arm-none-eabi/5_2-2015q4/bin/../lib/gcc/arm-none-eabi/5.2.1/../../../../arm-none-eabi/lib/armv7e-m/fpu\libnosys.a
END GROUP

.text           0x00000000     0x2270
 *(.isr_vector)
 .isr_vector    0x00000000      0x200 C:\Users\Drogoth\AppData\Local\arduino\sketches\5B74A777885122E91C8732D968E37FA7/..\..\cores\sandeepmistry_nRF5_Generic_nRF52833_softdevice_none,lfclk_lfxo_1e049c52f3da9da825db5b125609bf59\core.a(gcc_startup_nrf52833.S.o)
                0x00000000                __isr_vector
 *(.text*)
 .text          0x00000200       0xa4 c:/users/drogoth/appdata/local/arduino15/packages/sandeepmistry/tools/gcc-arm-none-eabi/5_2-2015q4/bin/../lib/gcc/arm-none-eabi/5.2.1/armv7e-m/fpu/crtbegin.o
 .text          0x000002a4       0x74 c:/users/drogoth/appdata/local/arduino15/packages/sandeepmistry/tools/gcc-arm-none-eabi/5_2-2015q4/bin/../lib/gcc/arm-none-eabi/5.2.1/../../../../arm-none-eabi/lib/armv7e-m/fpu/crt0.o
                0x000002a4                _start
                0x000002a4                _mainCRTStartup
 .text.loop     0x00000318       0xcc C:\Users\Drogoth\AppData\Local\arduino\sketches\5B74A777885122E91C8732D968E37FA7\sketch\accel_test.ino.cpp.o
                0x00000318                loop
 .text.startup._GLOBAL__sub_I_accel
                0x000003e4       0x18 C:\Users\Drogoth\AppData\Local\arduino\sketches\5B74A777885122E91C8732D968E37FA7\sketch\accel_test.ino.cpp.o
 .text.setup    0x000003fc       0x48 C:\Users\Drogoth\AppData\Local\arduino\sketches\5B74A777885122E91C8732D968E37FA7\sketch\accel_test.ino.cpp.o
                0x000003fc                setup
 .text._ZN7TwoWire5writeEPKhj
                0x00000444       0x34 C:\Users\Drogoth\AppData\Local\arduino\sketches\5B74A777885122E91C8732D968E37FA7\libraries\Wire\Wire_nRF52.cpp.o
                0x00000444                TwoWire::write(unsigned char const*, unsigned int)
 .text._ZN7TwoWire5flushEv
                0x00000478        0x2 C:\Users\Drogoth\AppData\Local\arduino\sketches\5B74A777885122E91C8732D968E37FA7\libraries\Wire\Wire_nRF52.cpp.o
                0x00000478                TwoWire::flush()
 .text._ZN7TwoWire9availableEv
                0x0000047a        0x6 C:\Users\Drogoth\AppData\Local\arduino\sketches\5B74A777885122E91C8732D968E37FA7\libraries\Wire\Wire_nRF52.cpp.o
                0x0000047a                TwoWire::available()
 .text._ZN7TwoWire5writeEh
                0x00000480       0x24 C:\Users\Drogoth\AppData\Local\arduino\sketches\5B74A777885122E91C8732D968E37FA7\libraries\Wire\Wire_nRF52.cpp.o
                0x00000480                TwoWire::write(unsigned char)
 .text._ZN7TwoWire4readEv
                0x000004a4        0x6 C:\Users\Drogoth\AppData\Local\arduino\sketches\5B74A777885122E91C8732D968E37FA7\libraries\Wire\Wire_nRF52.cpp.o
                0x000004a4                TwoWire::read()
 .text._ZN7TwoWire4peekEv
                0x000004aa        0x6 C:\Users\Drogoth\AppData\Local\arduino\sketches\5B74A777885122E91C8732D968E37FA7\libraries\Wire\Wire_nRF52.cpp.o
                0x000004aa                TwoWire::peek()
 .text._ZN7TwoWireC2EP13NRF_TWIM_TypeP13NRF_TWIS_Type9IRQn_Typehh
                0x000004b0       0x48 C:\Users\Drogoth\AppData\Local\arduino\sketches\5B74A777885122E91C8732D968E37FA7\libraries\Wire\Wire_nRF52.cpp.o
                0x000004b0                TwoWire::TwoWire(NRF_TWIM_Type*, NRF_TWIS_Type*, IRQn_Type, unsigned char, unsigned char)
                0x000004b0                TwoWire::TwoWire(NRF_TWIM_Type*, NRF_TWIS_Type*, IRQn_Type, unsigned char, unsigned char)
 .text._ZN7TwoWire5beginEv
                0x000004f8       0xcc C:\Users\Drogoth\AppData\Local\arduino\sketches\5B74A777885122E91C8732D968E37FA7\libraries\Wire\Wire_nRF52.cpp.o
                0x000004f8                TwoWire::begin()
 .text._ZN7TwoWire11requestFromEhjb
                0x000005c4       0xa4 C:\Users\Drogoth\AppData\Local\arduino\sketches\5B74A777885122E91C8732D968E37FA7\libraries\Wire\Wire_nRF52.cpp.o
                0x000005c4                TwoWire::requestFrom(unsigned char, unsigned int, bool)
 .text._ZN7TwoWire11requestFromEhj
                0x00000668        0x6 C:\Users\Drogoth\AppData\Local\arduino\sketches\5B74A777885122E91C8732D968E37FA7\libraries\Wire\Wire_nRF52.cpp.o
                0x00000668                TwoWire::requestFrom(unsigned char, unsigned int)
 .text._ZN7TwoWire17beginTransmissionEh
                0x0000066e       0x14 C:\Users\Drogoth\AppData\Local\arduino\sketches\5B74A777885122E91C8732D968E37FA7\libraries\Wire\Wire_nRF52.cpp.o
                0x0000066e                TwoWire::beginTransmission(unsigned char)
 .text._ZN7TwoWire15endTransmissionEb
                0x00000682       0xba C:\Users\Drogoth\AppData\Local\arduino\sketches\5B74A777885122E91C8732D968E37FA7\libraries\Wire\Wire_nRF52.cpp.o
                0x00000682                TwoWire::endTransmission(bool)
 .text._ZN7TwoWire15endTransmissionEv
                0x0000073c        0x6 C:\Users\Drogoth\AppData\Local\arduino\sketches\5B74A777885122E91C8732D968E37FA7\libraries\Wire\Wire_nRF52.cpp.o
                0x0000073c                TwoWire::endTransmission()
 .text._ZN7TwoWire9onServiceEv
                0x00000742       0xa8 C:\Users\Drogoth\AppData\Local\arduino\sketches\5B74A777885122E91C8732D968E37FA7\libraries\Wire\Wire_nRF52.cpp.o
                0x00000742                TwoWire::onService()
 *fill*         0x000007ea        0x2 
 .text.SPIM1_SPIS1_TWIM1_TWIS1_SPI1_TWI1_IRQHandler
                0x000007ec        0xc C:\Users\Drogoth\AppData\Local\arduino\sketches\5B74A777885122E91C8732D968E37FA7\libraries\Wire\Wire_nRF52.cpp.o
                0x000007ec                SPIM1_SPIS1_TWIM1_TWIS1_SPI1_TWI1_IRQHandler
 .text.startup._GLOBAL__sub_I__ZN7TwoWireC2EP13NRF_TWIM_TypeP13NRF_TWIS_Type9IRQn_Typehh
                0x000007f8       0x24 C:\Users\Drogoth\AppData\Local\arduino\sketches\5B74A777885122E91C8732D968E37FA7\libraries\Wire\Wire_nRF52.cpp.o
 .text._ZN17SPARKFUN_LIS2DH1213platform_readEPvhPht
                0x0000081c       0x52 C:\Users\Drogoth\AppData\Local\arduino\sketches\5B74A777885122E91C8732D968E37FA7\libraries\SparkFun_LIS2DH12_Arduino_Library\SparkFun_LIS2DH12.cpp.o
                0x0000081c                SPARKFUN_LIS2DH12::platform_read(void*, unsigned char, unsigned char*, unsigned short)
 .text._ZN17SPARKFUN_LIS2DH1214platform_writeEPvhPht
                0x0000086e       0x42 C:\Users\Drogoth\AppData\Local\arduino\sketches\5B74A777885122E91C8732D968E37FA7\libraries\SparkFun_LIS2DH12_Arduino_Library\SparkFun_LIS2DH12.cpp.o
                0x0000086e                SPARKFUN_LIS2DH12::platform_write(void*, unsigned char, unsigned char*, unsigned short)
 .text._ZN17SPARKFUN_LIS2DH1211isConnectedEv
                0x000008b0       0x34 C:\Users\Drogoth\AppData\Local\arduino\sketches\5B74A777885122E91C8732D968E37FA7\libraries\SparkFun_LIS2DH12_Arduino_Library\SparkFun_LIS2DH12.cpp.o
                0x000008b0                SPARKFUN_LIS2DH12::isConnected()
 .text._ZN17SPARKFUN_LIS2DH129availableEv
                0x000008e4       0x18 C:\Users\Drogoth\AppData\Local\arduino\sketches\5B74A777885122E91C8732D968E37FA7\libraries\SparkFun_LIS2DH12_Arduino_Library\SparkFun_LIS2DH12.cpp.o
                0x000008e4                SPARKFUN_LIS2DH12::available()
 .text._ZN17SPARKFUN_LIS2DH1214waitForNewDataEv
                0x000008fc       0x16 C:\Users\Drogoth\AppData\Local\arduino\sketches\5B74A777885122E91C8732D968E37FA7\libraries\SparkFun_LIS2DH12_Arduino_Library\SparkFun_LIS2DH12.cpp.o
                0x000008fc                SPARKFUN_LIS2DH12::waitForNewData()
 .text._ZN17SPARKFUN_LIS2DH1214parseAccelDataEv
                0x00000912      0x1f8 C:\Users\Drogoth\AppData\Local\arduino\sketches\5B74A777885122E91C8732D968E37FA7\libraries\SparkFun_LIS2DH12_Arduino_Library\SparkFun_LIS2DH12.cpp.o
                0x00000912                SPARKFUN_LIS2DH12::parseAccelData()
 .text._ZN17SPARKFUN_LIS2DH124getXEv
                0x00000b0a       0x1c C:\Users\Drogoth\AppData\Local\arduino\sketches\5B74A777885122E91C8732D968E37FA7\libraries\SparkFun_LIS2DH12_Arduino_Library\SparkFun_LIS2DH12.cpp.o
                0x00000b0a                SPARKFUN_LIS2DH12::getX()
 .text._ZN17SPARKFUN_LIS2DH124getYEv
                0x00000b26       0x1c C:\Users\Drogoth\AppData\Local\arduino\sketches\5B74A777885122E91C8732D968E37FA7\libraries\SparkFun_LIS2DH12_Arduino_Library\SparkFun_LIS2DH12.cpp.o
                0x00000b26                SPARKFUN_LIS2DH12::getY()
 .text._ZN17SPARKFUN_LIS2DH124getZEv
                0x00000b42       0x1c C:\Users\Drogoth\AppData\Local\arduino\sketches\5B74A777885122E91C8732D968E37FA7\libraries\SparkFun_LIS2DH12_Arduino_Library\SparkFun_LIS2DH12.cpp.o
                0x00000b42                SPARKFUN_LIS2DH12::getZ()
 .text._ZN17SPARKFUN_LIS2DH1211getTempDataEv
                0x00000b5e       0x44 C:\Users\Drogoth\AppData\Local\arduino\sketches\5B74A777885122E91C8732D968E37FA7\libraries\SparkFun_LIS2DH12_Arduino_Library\SparkFun_LIS2DH12.cpp.o
                0x00000b5e                SPARKFUN_LIS2DH12::getTempData()
 .text._ZN17SPARKFUN_LIS2DH1214getTemperatureEv
                0x00000ba2       0x1c C:\Users\Drogoth\AppData\Local\arduino\sketches\5B74A777885122E91C8732D968E37FA7\libraries\SparkFun_LIS2DH12_Arduino_Library\SparkFun_LIS2DH12.cpp.o
                0x00000ba2                SPARKFUN_LIS2DH12::getTemperature()
 .text._ZN17SPARKFUN_LIS2DH128setScaleEh
                0x00000bbe        0xc C:\Users\Drogoth\AppData\Local\arduino\sketches\5B74A777885122E91C8732D968E37FA7\libraries\SparkFun_LIS2DH12_Arduino_Library\SparkFun_LIS2DH12.cpp.o
                0x00000bbe                SPARKFUN_LIS2DH12::setScale(unsigned char)
 .text._ZN17SPARKFUN_LIS2DH1217enableTemperatureEv
                0x00000bca        0x6 C:\Users\Drogoth\AppData\Local\arduino\sketches\5B74A777885122E91C8732D968E37FA7\libraries\SparkFun_LIS2DH12_Arduino_Library\SparkFun_LIS2DH12.cpp.o
                0x00000bca                SPARKFUN_LIS2DH12::enableTemperature()
 .text._ZN17SPARKFUN_LIS2DH127setModeEh
                0x00000bd0        0xc C:\Users\Drogoth\AppData\Local\arduino\sketches\5B74A777885122E91C8732D968E37FA7\libraries\SparkFun_LIS2DH12_Arduino_Library\SparkFun_LIS2DH12.cpp.o
                0x00000bd0                SPARKFUN_LIS2DH12::setMode(unsigned char)
 .text._ZN17SPARKFUN_LIS2DH125beginEhR7TwoWire
                0x00000bdc       0x4c C:\Users\Drogoth\AppData\Local\arduino\sketches\5B74A777885122E91C8732D968E37FA7\libraries\SparkFun_LIS2DH12_Arduino_Library\SparkFun_LIS2DH12.cpp.o
                0x00000bdc                SPARKFUN_LIS2DH12::begin(unsigned char, TwoWire&)
 .text.lis2dh12_read_reg
                0x00000c28        0xe C:\Users\Drogoth\AppData\Local\arduino\sketches\5B74A777885122E91C8732D968E37FA7\libraries\SparkFun_LIS2DH12_Arduino_Library\lis2dh12_reg.cpp.o
                0x00000c28                lis2dh12_read_reg
 .text.lis2dh12_write_reg
                0x00000c36        0xe C:\Users\Drogoth\AppData\Local\arduino\sketches\5B74A777885122E91C8732D968E37FA7\libraries\SparkFun_LIS2DH12_Arduino_Library\lis2dh12_reg.cpp.o
                0x00000c36                lis2dh12_write_reg
 .text.lis2dh12_from_fs2_hr_to_mg
                0x00000c44        0xa C:\Users\Drogoth\AppData\Local\arduino\sketches\5B74A777885122E91C8732D968E37FA7\libraries\SparkFun_LIS2DH12_Arduino_Library\lis2dh12_reg.cpp.o
                0x00000c44                lis2dh12_from_fs2_hr_to_mg
 .text.lis2dh12_from_fs4_hr_to_mg
                0x00000c4e        0xe C:\Users\Drogoth\AppData\Local\arduino\sketches\5B74A777885122E91C8732D968E37FA7\libraries\SparkFun_LIS2DH12_Arduino_Library\lis2dh12_reg.cpp.o
                0x00000c4e                lis2dh12_from_fs4_hr_to_mg
 .text.lis2dh12_from_fs8_hr_to_mg
                0x00000c5c       0x12 C:\Users\Drogoth\AppData\Local\arduino\sketches\5B74A777885122E91C8732D968E37FA7\libraries\SparkFun_LIS2DH12_Arduino_Library\lis2dh12_reg.cpp.o
                0x00000c5c                lis2dh12_from_fs8_hr_to_mg
 .text.lis2dh12_from_fs16_hr_to_mg
                0x00000c6e       0x12 C:\Users\Drogoth\AppData\Local\arduino\sketches\5B74A777885122E91C8732D968E37FA7\libraries\SparkFun_LIS2DH12_Arduino_Library\lis2dh12_reg.cpp.o
                0x00000c6e                lis2dh12_from_fs16_hr_to_mg
 .text.lis2dh12_from_fs2_nm_to_mg
                0x00000c80       0x12 C:\Users\Drogoth\AppData\Local\arduino\sketches\5B74A777885122E91C8732D968E37FA7\libraries\SparkFun_LIS2DH12_Arduino_Library\lis2dh12_reg.cpp.o
                0x00000c80                lis2dh12_from_fs2_nm_to_mg
 .text.lis2dh12_from_fs4_nm_to_mg
                0x00000c92       0x12 C:\Users\Drogoth\AppData\Local\arduino\sketches\5B74A777885122E91C8732D968E37FA7\libraries\SparkFun_LIS2DH12_Arduino_Library\lis2dh12_reg.cpp.o
                0x00000c92                lis2dh12_from_fs4_nm_to_mg
 .text.lis2dh12_from_fs8_nm_to_mg
                0x00000ca4       0x12 C:\Users\Drogoth\AppData\Local\arduino\sketches\5B74A777885122E91C8732D968E37FA7\libraries\SparkFun_LIS2DH12_Arduino_Library\lis2dh12_reg.cpp.o
                0x00000ca4                lis2dh12_from_fs8_nm_to_mg
 *fill*         0x00000cb6        0x2 
 .text.lis2dh12_from_fs16_nm_to_mg
                0x00000cb8       0x18 C:\Users\Drogoth\AppData\Local\arduino\sketches\5B74A777885122E91C8732D968E37FA7\libraries\SparkFun_LIS2DH12_Arduino_Library\lis2dh12_reg.cpp.o
                0x00000cb8                lis2dh12_from_fs16_nm_to_mg
 .text.lis2dh12_from_lsb_nm_to_celsius
                0x00000cd0       0x16 C:\Users\Drogoth\AppData\Local\arduino\sketches\5B74A777885122E91C8732D968E37FA7\libraries\SparkFun_LIS2DH12_Arduino_Library\lis2dh12_reg.cpp.o
                0x00000cd0                lis2dh12_from_lsb_nm_to_celsius
 .text.lis2dh12_from_lsb_hr_to_celsius
                0x00000ce6        0x4 C:\Users\Drogoth\AppData\Local\arduino\sketches\5B74A777885122E91C8732D968E37FA7\libraries\SparkFun_LIS2DH12_Arduino_Library\lis2dh12_reg.cpp.o
                0x00000ce6                lis2dh12_from_lsb_hr_to_celsius
 .text.lis2dh12_from_fs2_lp_to_mg
                0x00000cea       0x12 C:\Users\Drogoth\AppData\Local\arduino\sketches\5B74A777885122E91C8732D968E37FA7\libraries\SparkFun_LIS2DH12_Arduino_Library\lis2dh12_reg.cpp.o
                0x00000cea                lis2dh12_from_fs2_lp_to_mg
 .text.lis2dh12_from_fs4_lp_to_mg
                0x00000cfc       0x18 C:\Users\Drogoth\AppData\Local\arduino\sketches\5B74A777885122E91C8732D968E37FA7\libraries\SparkFun_LIS2DH12_Arduino_Library\lis2dh12_reg.cpp.o
                0x00000cfc                lis2dh12_from_fs4_lp_to_mg
 .text.lis2dh12_from_fs8_lp_to_mg
                0x00000d14       0x18 C:\Users\Drogoth\AppData\Local\arduino\sketches\5B74A777885122E91C8732D968E37FA7\libraries\SparkFun_LIS2DH12_Arduino_Library\lis2dh12_reg.cpp.o
                0x00000d14                lis2dh12_from_fs8_lp_to_mg
 .text.lis2dh12_from_fs16_lp_to_mg
                0x00000d2c       0x18 C:\Users\Drogoth\AppData\Local\arduino\sketches\5B74A777885122E91C8732D968E37FA7\libraries\SparkFun_LIS2DH12_Arduino_Library\lis2dh12_reg.cpp.o
                0x00000d2c                lis2dh12_from_fs16_lp_to_mg
 .text.lis2dh12_from_lsb_lp_to_celsius
                0x00000d44       0x1c C:\Users\Drogoth\AppData\Local\arduino\sketches\5B74A777885122E91C8732D968E37FA7\libraries\SparkFun_LIS2DH12_Arduino_Library\lis2dh12_reg.cpp.o
                0x00000d44                lis2dh12_from_lsb_lp_to_celsius
 .text.lis2dh12_temperature_raw_get
                0x00000d60        0xa C:\Users\Drogoth\AppData\Local\arduino\sketches\5B74A777885122E91C8732D968E37FA7\libraries\SparkFun_LIS2DH12_Arduino_Library\lis2dh12_reg.cpp.o
                0x00000d60                lis2dh12_temperature_raw_get
 .text.lis2dh12_temperature_meas_set
                0x00000d6a       0x2e C:\Users\Drogoth\AppData\Local\arduino\sketches\5B74A777885122E91C8732D968E37FA7\libraries\SparkFun_LIS2DH12_Arduino_Library\lis2dh12_reg.cpp.o
                0x00000d6a                lis2dh12_temperature_meas_set
 .text.lis2dh12_operating_mode_set
                0x00000d98       0x80 C:\Users\Drogoth\AppData\Local\arduino\sketches\5B74A777885122E91C8732D968E37FA7\libraries\SparkFun_LIS2DH12_Arduino_Library\lis2dh12_reg.cpp.o
                0x00000d98                lis2dh12_operating_mode_set
 .text.lis2dh12_data_rate_set
                0x00000e18       0x2e C:\Users\Drogoth\AppData\Local\arduino\sketches\5B74A777885122E91C8732D968E37FA7\libraries\SparkFun_LIS2DH12_Arduino_Library\lis2dh12_reg.cpp.o
                0x00000e18                lis2dh12_data_rate_set
 .text.lis2dh12_full_scale_set
                0x00000e46       0x2e C:\Users\Drogoth\AppData\Local\arduino\sketches\5B74A777885122E91C8732D968E37FA7\libraries\SparkFun_LIS2DH12_Arduino_Library\lis2dh12_reg.cpp.o
                0x00000e46                lis2dh12_full_scale_set
 .text.lis2dh12_block_data_update_set
                0x00000e74       0x2e C:\Users\Drogoth\AppData\Local\arduino\sketches\5B74A777885122E91C8732D968E37FA7\libraries\SparkFun_LIS2DH12_Arduino_Library\lis2dh12_reg.cpp.o
                0x00000e74                lis2dh12_block_data_update_set
 .text.lis2dh12_xl_data_ready_get
                0x00000ea2       0x1c C:\Users\Drogoth\AppData\Local\arduino\sketches\5B74A777885122E91C8732D968E37FA7\libraries\SparkFun_LIS2DH12_Arduino_Library\lis2dh12_reg.cpp.o
                0x00000ea2                lis2dh12_xl_data_ready_get
 .text.lis2dh12_acceleration_raw_get
                0x00000ebe        0xa C:\Users\Drogoth\AppData\Local\arduino\sketches\5B74A777885122E91C8732D968E37FA7\libraries\SparkFun_LIS2DH12_Arduino_Library\lis2dh12_reg.cpp.o
                0x00000ebe                lis2dh12_acceleration_raw_get
 .text.lis2dh12_device_id_get
                0x00000ec8        0xa C:\Users\Drogoth\AppData\Local\arduino\sketches\5B74A777885122E91C8732D968E37FA7\libraries\SparkFun_LIS2DH12_Arduino_Library\lis2dh12_reg.cpp.o
                0x00000ec8                lis2dh12_device_id_get
 .text._ZN5Print5writeEPKhj
                0x00000ed2       0x2c C:\Users\Drogoth\AppData\Local\arduino\sketches\5B74A777885122E91C8732D968E37FA7/..\..\cores\sandeepmistry_nRF5_Generic_nRF52833_softdevice_none,lfclk_lfxo_1e049c52f3da9da825db5b125609bf59\core.a(Print.cpp.o)
                0x00000ed2                Print::write(unsigned char const*, unsigned int)
 .text._ZN5Print5writeEPKc
                0x00000efe       0x20 C:\Users\Drogoth\AppData\Local\arduino\sketches\5B74A777885122E91C8732D968E37FA7/..\..\cores\sandeepmistry_nRF5_Generic_nRF52833_softdevice_none,lfclk_lfxo_1e049c52f3da9da825db5b125609bf59\core.a(Print.cpp.o)
                0x00000efe                Print::write(char const*)
 .text._ZN5Print5printEPKc
                0x00000f1e        0x8 C:\Users\Drogoth\AppData\Local\arduino\sketches\5B74A777885122E91C8732D968E37FA7/..\..\cores\sandeepmistry_nRF5_Generic_nRF52833_softdevice_none,lfclk_lfxo_1e049c52f3da9da825db5b125609bf59\core.a(Print.cpp.o)
                0x00000f1e                Print::print(char const*)
 .text._ZN5Print5printEc
                0x00000f26        0x6 C:\Users\Drogoth\AppData\Local\arduino\sketches\5B74A777885122E91C8732D968E37FA7/..\..\cores\sandeepmistry_nRF5_Generic_nRF52833_softdevice_none,lfclk_lfxo_1e049c52f3da9da825db5b125609bf59\core.a(Print.cpp.o)
                0x00000f26                Print::print(char)
 .text._ZN5Print7printlnEv
                0x00000f2c       0x10 C:\Users\Drogoth\AppData\Local\arduino\sketches\5B74A777885122E91C8732D968E37FA7/..\..\cores\sandeepmistry_nRF5_Generic_nRF52833_softdevice_none,lfclk_lfxo_1e049c52f3da9da825db5b125609bf59\core.a(Print.cpp.o)
                0x00000f2c                Print::println()
 .text._ZN5Print7printlnEPKc
                0x00000f3c       0x14 C:\Users\Drogoth\AppData\Local\arduino\sketches\5B74A777885122E91C8732D968E37FA7/..\..\cores\sandeepmistry_nRF5_Generic_nRF52833_softdevice_none,lfclk_lfxo_1e049c52f3da9da825db5b125609bf59\core.a(Print.cpp.o)
                0x00000f3c                Print::println(char const*)
 .text._ZN5Print11printNumberEmh
                0x00000f50       0x3e C:\Users\Drogoth\AppData\Local\arduino\sketches\5B74A777885122E91C8732D968E37FA7/..\..\cores\sandeepmistry_nRF5_Generic_nRF52833_softdevice_none,lfclk_lfxo_1e049c52f3da9da825db5b125609bf59\core.a(Print.cpp.o)
                0x00000f50                Print::printNumber(unsigned long, unsigned char)
 .text._ZN5Print5printEli
                0x00000f8e       0x44 C:\Users\Drogoth\AppData\Local\arduino\sketches\5B74A777885122E91C8732D968E37FA7/..\..\cores\sandeepmistry_nRF5_Generic_nRF52833_softdevice_none,lfclk_lfxo_1e049c52f3da9da825db5b125609bf59\core.a(Print.cpp.o)
                0x00000f8e                Print::print(long, int)
 *fill*         0x00000fd2        0x2 
 .text._ZN5Print10printFloatEdh
                0x00000fd4      0x13c C:\Users\Drogoth\AppData\Local\arduino\sketches\5B74A777885122E91C8732D968E37FA7/..\..\cores\sandeepmistry_nRF5_Generic_nRF52833_softdevice_none,lfclk_lfxo_1e049c52f3da9da825db5b125609bf59\core.a(Print.cpp.o)
                0x00000fd4                Print::printFloat(double, unsigned char)
 .text._ZN5Print5printEdi
                0x00001110        0x6 C:\Users\Drogoth\AppData\Local\arduino\sketches\5B74A777885122E91C8732D968E37FA7/..\..\cores\sandeepmistry_nRF5_Generic_nRF52833_softdevice_none,lfclk_lfxo_1e049c52f3da9da825db5b125609bf59\core.a(Print.cpp.o)
                0x00001110                Print::print(double, int)
 .text._ZN10RingBufferC2Ev
                0x00001116       0x16 C:\Users\Drogoth\AppData\Local\arduino\sketches\5B74A777885122E91C8732D968E37FA7/..\..\cores\sandeepmistry_nRF5_Generic_nRF52833_softdevice_none,lfclk_lfxo_1e049c52f3da9da825db5b125609bf59\core.a(RingBuffer.cpp.o)
                0x00001116                RingBuffer::RingBuffer()
                0x00001116                RingBuffer::RingBuffer()
 .text._ZN10RingBuffer10store_charEh
                0x0000112c       0x16 C:\Users\Drogoth\AppData\Local\arduino\sketches\5B74A777885122E91C8732D968E37FA7/..\..\cores\sandeepmistry_nRF5_Generic_nRF52833_softdevice_none,lfclk_lfxo_1e049c52f3da9da825db5b125609bf59\core.a(RingBuffer.cpp.o)
                0x0000112c                RingBuffer::store_char(unsigned char)
 .text._ZN10RingBuffer5clearEv
                0x00001142        0x8 C:\Users\Drogoth\AppData\Local\arduino\sketches\5B74A777885122E91C8732D968E37FA7/..\..\cores\sandeepmistry_nRF5_Generic_nRF52833_softdevice_none,lfclk_lfxo_1e049c52f3da9da825db5b125609bf59\core.a(RingBuffer.cpp.o)
                0x00001142                RingBuffer::clear()
 .text._ZN10RingBuffer9read_charEv
                0x0000114a       0x1c C:\Users\Drogoth\AppData\Local\arduino\sketches\5B74A777885122E91C8732D968E37FA7/..\..\cores\sandeepmistry_nRF5_Generic_nRF52833_softdevice_none,lfclk_lfxo_1e049c52f3da9da825db5b125609bf59\core.a(RingBuffer.cpp.o)
                0x0000114a                RingBuffer::read_char()
 .text._ZN10RingBuffer9availableEv
                0x00001166        0xc C:\Users\Drogoth\AppData\Local\arduino\sketches\5B74A777885122E91C8732D968E37FA7/..\..\cores\sandeepmistry_nRF5_Generic_nRF52833_softdevice_none,lfclk_lfxo_1e049c52f3da9da825db5b125609bf59\core.a(RingBuffer.cpp.o)
                0x00001166                RingBuffer::available()
 .text._ZN10RingBuffer4peekEv
                0x00001172       0x10 C:\Users\Drogoth\AppData\Local\arduino\sketches\5B74A777885122E91C8732D968E37FA7/..\..\cores\sandeepmistry_nRF5_Generic_nRF52833_softdevice_none,lfclk_lfxo_1e049c52f3da9da825db5b125609bf59\core.a(RingBuffer.cpp.o)
                0x00001172                RingBuffer::peek()
 .text._ZN10RingBuffer6isFullEv
                0x00001182       0x12 C:\Users\Drogoth\AppData\Local\arduino\sketches\5B74A777885122E91C8732D968E37FA7/..\..\cores\sandeepmistry_nRF5_Generic_nRF52833_softdevice_none,lfclk_lfxo_1e049c52f3da9da825db5b125609bf59\core.a(RingBuffer.cpp.o)
                0x00001182                RingBuffer::isFull()
 .text          0x00001194       0x3c C:\Users\Drogoth\AppData\Local\arduino\sketches\5B74A777885122E91C8732D968E37FA7/..\..\cores\sandeepmistry_nRF5_Generic_nRF52833_softdevice_none,lfclk_lfxo_1e049c52f3da9da825db5b125609bf59\core.a(gcc_startup_nrf52833.S.o)
                0x00001194                Reset_Handler
                0x000011bc                NMI_Handler
                0x000011be                HardFault_Handler
                0x000011c0                MemoryManagement_Handler
                0x000011c2                BusFault_Handler
                0x000011c4                UsageFault_Handler
                0x000011c6                SVC_Handler
                0x000011c8                DebugMon_Handler
                0x000011ca                PendSV_Handler
                0x000011cc                SysTick_Handler
                0x000011ce                SWI0_EGU0_IRQHandler
                0x000011ce                POWER_CLOCK_IRQHandler
                0x000011ce                RADIO_IRQHandler
                0x000011ce                PDM_IRQHandler
                0x000011ce                PWM1_IRQHandler
                0x000011ce                QDEC_IRQHandler
                0x000011ce                TIMER3_IRQHandler
                0x000011ce                PWM3_IRQHandler
                0x000011ce                FPU_IRQHandler
                0x000011ce                USBD_IRQHandler
                0x000011ce                SPIM0_SPIS0_TWIM0_TWIS0_SPI0_TWI0_IRQHandler
                0x000011ce                TEMP_IRQHandler
                0x000011ce                TIMER4_IRQHandler
                0x000011ce                RTC0_IRQHandler
                0x000011ce                SWI4_EGU4_IRQHandler
                0x000011ce                TIMER0_IRQHandler
                0x000011ce                GPIOTE_IRQHandler
                0x000011ce                UARTE1_IRQHandler
                0x000011ce                TIMER1_IRQHandler
                0x000011ce                SPIM3_IRQHandler
                0x000011ce                PWM2_IRQHandler
                0x000011ce                ECB_IRQHandler
                0x000011ce                Default_Handler
                0x000011ce                SAADC_IRQHandler
                0x000011ce                CCM_AAR_IRQHandler
                0x000011ce                WDT_IRQHandler
                0x000011ce                SWI2_EGU2_IRQHandler
                0x000011ce                SWI5_EGU5_IRQHandler
                0x000011ce                RNG_IRQHandler
                0x000011ce                RTC2_IRQHandler
                0x000011ce                PWM0_IRQHandler
                0x000011ce                SWI3_EGU3_IRQHandler
                0x000011ce                SWI1_EGU1_IRQHandler
                0x000011ce                SPIM2_SPIS2_SPI2_IRQHandler
                0x000011ce                NFCT_IRQHandler
                0x000011ce                I2S_IRQHandler
                0x000011ce                MWU_IRQHandler
                0x000011ce                TIMER2_IRQHandler
                0x000011ce                COMP_LPCOMP_IRQHandler
 .text.SystemInit
                0x000011d0      0x100 C:\Users\Drogoth\AppData\Local\arduino\sketches\5B74A777885122E91C8732D968E37FA7/..\..\cores\sandeepmistry_nRF5_Generic_nRF52833_softdevice_none,lfclk_lfxo_1e049c52f3da9da825db5b125609bf59\core.a(system_nrf52.c.o)
                0x000011d0                SystemInit
 .text._ZN4UartcvbEv
                0x000012d0        0x4 C:\Users\Drogoth\AppData\Local\arduino\sketches\5B74A777885122E91C8732D968E37FA7/..\..\cores\sandeepmistry_nRF5_Generic_nRF52833_softdevice_none,lfclk_lfxo_1e049c52f3da9da825db5b125609bf59\core.a(Uart.cpp.o)
                0x000012d0                Uart::operator bool()
 .text._ZN4Uart5beginEm
                0x000012d4        0x8 C:\Users\Drogoth\AppData\Local\arduino\sketches\5B74A777885122E91C8732D968E37FA7/..\..\cores\sandeepmistry_nRF5_Generic_nRF52833_softdevice_none,lfclk_lfxo_1e049c52f3da9da825db5b125609bf59\core.a(Uart.cpp.o)
                0x000012d4                Uart::begin(unsigned long)
 .text._ZN4Uart5flushEv
                0x000012dc        0x2 C:\Users\Drogoth\AppData\Local\arduino\sketches\5B74A777885122E91C8732D968E37FA7/..\..\cores\sandeepmistry_nRF5_Generic_nRF52833_softdevice_none,lfclk_lfxo_1e049c52f3da9da825db5b125609bf59\core.a(Uart.cpp.o)
                0x000012dc                Uart::flush()
 .text._ZN4Uart5writeEh
                0x000012de       0x18 C:\Users\Drogoth\AppData\Local\arduino\sketches\5B74A777885122E91C8732D968E37FA7/..\..\cores\sandeepmistry_nRF5_Generic_nRF52833_softdevice_none,lfclk_lfxo_1e049c52f3da9da825db5b125609bf59\core.a(Uart.cpp.o)
                0x000012de                Uart::write(unsigned char)
 *fill*         0x000012f6        0x2 
 .text._ZN4Uart3endEv
                0x000012f8       0x50 C:\Users\Drogoth\AppData\Local\arduino\sketches\5B74A777885122E91C8732D968E37FA7/..\..\cores\sandeepmistry_nRF5_Generic_nRF52833_softdevice_none,lfclk_lfxo_1e049c52f3da9da825db5b125609bf59\core.a(Uart.cpp.o)
                0x000012f8                Uart::end()
 .text._ZN4Uart9availableEv
                0x00001348        0x6 C:\Users\Drogoth\AppData\Local\arduino\sketches\5B74A777885122E91C8732D968E37FA7/..\..\cores\sandeepmistry_nRF5_Generic_nRF52833_softdevice_none,lfclk_lfxo_1e049c52f3da9da825db5b125609bf59\core.a(Uart.cpp.o)
                0x00001348                Uart::available()
 .text._ZN4Uart4peekEv
                0x0000134e        0x6 C:\Users\Drogoth\AppData\Local\arduino\sketches\5B74A777885122E91C8732D968E37FA7/..\..\cores\sandeepmistry_nRF5_Generic_nRF52833_softdevice_none,lfclk_lfxo_1e049c52f3da9da825db5b125609bf59\core.a(Uart.cpp.o)
                0x0000134e                Uart::peek()
 .text._ZN4Uart4readEv
                0x00001354        0x6 C:\Users\Drogoth\AppData\Local\arduino\sketches\5B74A777885122E91C8732D968E37FA7/..\..\cores\sandeepmistry_nRF5_Generic_nRF52833_softdevice_none,lfclk_lfxo_1e049c52f3da9da825db5b125609bf59\core.a(Uart.cpp.o)
                0x00001354                Uart::read()
 *fill*         0x0000135a        0x2 
 .text._ZN4Uart5beginEmt
                0x0000135c      0x174 C:\Users\Drogoth\AppData\Local\arduino\sketches\5B74A777885122E91C8732D968E37FA7/..\..\cores\sandeepmistry_nRF5_Generic_nRF52833_softdevice_none,lfclk_lfxo_1e049c52f3da9da825db5b125609bf59\core.a(Uart.cpp.o)
                0x0000135c                Uart::begin(unsigned long, unsigned short)
 .text._ZN4UartC2EP13NRF_UART_Type9IRQn_Typehh
                0x000014d0       0x50 C:\Users\Drogoth\AppData\Local\arduino\sketches\5B74A777885122E91C8732D968E37FA7/..\..\cores\sandeepmistry_nRF5_Generic_nRF52833_softdevice_none,lfclk_lfxo_1e049c52f3da9da825db5b125609bf59\core.a(Uart.cpp.o)
                0x000014d0                Uart::Uart(NRF_UART_Type*, IRQn_Type, unsigned char, unsigned char)
                0x000014d0                Uart::Uart(NRF_UART_Type*, IRQn_Type, unsigned char, unsigned char)
 .text._ZN4Uart10IrqHandlerEv
                0x00001520       0x22 C:\Users\Drogoth\AppData\Local\arduino\sketches\5B74A777885122E91C8732D968E37FA7/..\..\cores\sandeepmistry_nRF5_Generic_nRF52833_softdevice_none,lfclk_lfxo_1e049c52f3da9da825db5b125609bf59\core.a(Uart.cpp.o)
                0x00001520                Uart::IrqHandler()
 *fill*         0x00001542        0x2 
 .text.UARTE0_UART0_IRQHandler
                0x00001544        0xc C:\Users\Drogoth\AppData\Local\arduino\sketches\5B74A777885122E91C8732D968E37FA7/..\..\cores\sandeepmistry_nRF5_Generic_nRF52833_softdevice_none,lfclk_lfxo_1e049c52f3da9da825db5b125609bf59\core.a(Uart.cpp.o)
                0x00001544                UARTE0_UART0_IRQHandler
 .text.startup._GLOBAL__sub_I__ZN4UartC2EP13NRF_UART_Type9IRQn_Typehh
                0x00001550       0x20 C:\Users\Drogoth\AppData\Local\arduino\sketches\5B74A777885122E91C8732D968E37FA7/..\..\cores\sandeepmistry_nRF5_Generic_nRF52833_softdevice_none,lfclk_lfxo_1e049c52f3da9da825db5b125609bf59\core.a(Uart.cpp.o)
 .text.millis   0x00001570       0x30 C:\Users\Drogoth\AppData\Local\arduino\sketches\5B74A777885122E91C8732D968E37FA7/..\..\cores\sandeepmistry_nRF5_Generic_nRF52833_softdevice_none,lfclk_lfxo_1e049c52f3da9da825db5b125609bf59\core.a(delay.c.o)
                0x00001570                millis
 .text.delay    0x000015a0       0x1c C:\Users\Drogoth\AppData\Local\arduino\sketches\5B74A777885122E91C8732D968E37FA7/..\..\cores\sandeepmistry_nRF5_Generic_nRF52833_softdevice_none,lfclk_lfxo_1e049c52f3da9da825db5b125609bf59\core.a(delay.c.o)
                0x000015a0                delay
 .text.RTC1_IRQHandler
                0x000015bc       0x28 C:\Users\Drogoth\AppData\Local\arduino\sketches\5B74A777885122E91C8732D968E37FA7/..\..\cores\sandeepmistry_nRF5_Generic_nRF52833_softdevice_none,lfclk_lfxo_1e049c52f3da9da825db5b125609bf59\core.a(delay.c.o)
                0x000015bc                RTC1_IRQHandler
 .text.__empty  0x000015e4        0x2 C:\Users\Drogoth\AppData\Local\arduino\sketches\5B74A777885122E91C8732D968E37FA7/..\..\cores\sandeepmistry_nRF5_Generic_nRF52833_softdevice_none,lfclk_lfxo_1e049c52f3da9da825db5b125609bf59\core.a(hooks.c.o)
                0x000015e4                yield
 .text._Z11initVariantv
                0x000015e6        0x2 C:\Users\Drogoth\AppData\Local\arduino\sketches\5B74A777885122E91C8732D968E37FA7/..\..\cores\sandeepmistry_nRF5_Generic_nRF52833_softdevice_none,lfclk_lfxo_1e049c52f3da9da825db5b125609bf59\core.a(main.cpp.o)
                0x000015e6                initVariant()
 .text.startup.main
                0x000015e8       0x28 C:\Users\Drogoth\AppData\Local\arduino\sketches\5B74A777885122E91C8732D968E37FA7/..\..\cores\sandeepmistry_nRF5_Generic_nRF52833_softdevice_none,lfclk_lfxo_1e049c52f3da9da825db5b125609bf59\core.a(main.cpp.o)
                0x000015e8                main
 .text.init     0x00001610       0x3c C:\Users\Drogoth\AppData\Local\arduino\sketches\5B74A777885122E91C8732D968E37FA7/..\..\cores\sandeepmistry_nRF5_Generic_nRF52833_softdevice_none,lfclk_lfxo_1e049c52f3da9da825db5b125609bf59\core.a(wiring.c.o)
                0x00001610                init
 .text.__fpclassifyd
                0x0000164c       0x5c c:/users/drogoth/appdata/local/arduino15/packages/sandeepmistry/tools/gcc-arm-none-eabi/5_2-2015q4/bin/../lib/gcc/arm-none-eabi/5.2.1/../../../../arm-none-eabi/lib/armv7e-m/fpu\libm.a(lib_a-s_fpclassify.o)
                0x0000164c                __fpclassifyd
 .text          0x000016a8      0x370 c:/users/drogoth/appdata/local/arduino15/packages/sandeepmistry/tools/gcc-arm-none-eabi/5_2-2015q4/bin/../lib/gcc/arm-none-eabi/5.2.1/armv7e-m/fpu\libgcc.a(_arm_addsubdf3.o)
                0x000016a8                __aeabi_drsub
                0x000016b0                __aeabi_dsub
                0x000016b0                __subdf3
                0x000016b4                __aeabi_dadd
                0x000016b4                __adddf3
                0x0000192c                __floatunsidf
                0x0000192c                __aeabi_ui2d
                0x0000194c                __floatsidf
                0x0000194c                __aeabi_i2d
                0x00001970                __aeabi_f2d
                0x00001970                __extendsfdf2
                0x000019ac                __floatundidf
                0x000019ac                __aeabi_ul2d
                0x000019bc                __floatdidf
                0x000019bc                __aeabi_l2d
 .text          0x00001a18      0x424 c:/users/drogoth/appdata/local/arduino15/packages/sandeepmistry/tools/gcc-arm-none-eabi/5_2-2015q4/bin/../lib/gcc/arm-none-eabi/5.2.1/armv7e-m/fpu\libgcc.a(_arm_muldivdf3.o)
                0x00001a18                __aeabi_dmul
                0x00001a18                __muldf3
                0x00001c6c                __divdf3
                0x00001c6c                __aeabi_ddiv
 .text          0x00001e3c      0x110 c:/users/drogoth/appdata/local/arduino15/packages/sandeepmistry/tools/gcc-arm-none-eabi/5_2-2015q4/bin/../lib/gcc/arm-none-eabi/5.2.1/armv7e-m/fpu\libgcc.a(_arm_cmpdf2.o)
                0x00001e3c                __gtdf2
                0x00001e3c                __gedf2
                0x00001e44                __ltdf2
                0x00001e44                __ledf2
                0x00001e4c                __nedf2
                0x00001e4c                __eqdf2
                0x00001e4c                __cmpdf2
                0x00001ec8                __aeabi_cdrcmple
                0x00001ed8                __aeabi_cdcmpeq
                0x00001ed8                __aeabi_cdcmple
                0x00001ee8                __aeabi_dcmpeq
                0x00001efc                __aeabi_dcmplt
                0x00001f10                __aeabi_dcmple
                0x00001f24                __aeabi_dcmpge
                0x00001f38                __aeabi_dcmpgt
 .text          0x00001f4c       0x50 c:/users/drogoth/appdata/local/arduino15/packages/sandeepmistry/tools/gcc-arm-none-eabi/5_2-2015q4/bin/../lib/gcc/arm-none-eabi/5.2.1/armv7e-m/fpu\libgcc.a(_arm_fixdfsi.o)
                0x00001f4c                __aeabi_d2iz
                0x00001f4c                __fixdfsi
 .text          0x00001f9c       0x40 c:/users/drogoth/appdata/local/arduino15/packages/sandeepmistry/tools/gcc-arm-none-eabi/5_2-2015q4/bin/../lib/gcc/arm-none-eabi/5.2.1/armv7e-m/fpu\libgcc.a(_arm_fixunsdfsi.o)
                0x00001f9c                __aeabi_d2uiz
                0x00001f9c                __fixunsdfsi
 .text.exit     0x00001fdc       0x28 c:/users/drogoth/appdata/local/arduino15/packages/sandeepmistry/tools/gcc-arm-none-eabi/5_2-2015q4/bin/../lib/gcc/arm-none-eabi/5.2.1/../../../../arm-none-eabi/lib/armv7e-m/fpu\libc_nano.a(lib_a-exit.o)
                0x00001fdc                exit
 .text.__libc_init_array
                0x00002004       0x4c c:/users/drogoth/appdata/local/arduino15/packages/sandeepmistry/tools/gcc-arm-none-eabi/5_2-2015q4/bin/../lib/gcc/arm-none-eabi/5.2.1/../../../../arm-none-eabi/lib/armv7e-m/fpu\libc_nano.a(lib_a-init.o)
                0x00002004                __libc_init_array
 .text.memset   0x00002050       0x10 c:/users/drogoth/appdata/local/arduino15/packages/sandeepmistry/tools/gcc-arm-none-eabi/5_2-2015q4/bin/../lib/gcc/arm-none-eabi/5.2.1/../../../../arm-none-eabi/lib/armv7e-m/fpu\libc_nano.a(lib_a-memset.o)
                0x00002050                memset
 .text          0x00002060       0x10 c:/users/drogoth/appdata/local/arduino15/packages/sandeepmistry/tools/gcc-arm-none-eabi/5_2-2015q4/bin/../lib/gcc/arm-none-eabi/5.2.1/../../../../arm-none-eabi/lib/armv7e-m/fpu\libc_nano.a(lib_a-strlen.o)
                0x00002060                strlen
 .text._exit    0x00002070        0x4 c:/users/drogoth/appdata/local/arduino15/packages/sandeepmistry/tools/gcc-arm-none-eabi/5_2-2015q4/bin/../lib/gcc/arm-none-eabi/5.2.1/../../../../arm-none-eabi/lib/armv7e-m/fpu\libnosys.a(_exit.o)
                0x00002070                _exit
 *(.init)
 .init          0x00002074        0x4 c:/users/drogoth/appdata/local/arduino15/packages/sandeepmistry/tools/gcc-arm-none-eabi/5_2-2015q4/bin/../lib/gcc/arm-none-eabi/5.2.1/armv7e-m/fpu/crti.o
                0x00002074                _init
 .init          0x00002078        0x8 c:/users/drogoth/appdata/local/arduino15/packages/sandeepmistry/tools/gcc-arm-none-eabi/5_2-2015q4/bin/../lib/gcc/arm-none-eabi/5.2.1/armv7e-m/fpu/crtn.o
 *(.fini)
 .fini          0x00002080        0x4 c:/users/drogoth/appdata/local/arduino15/packages/sandeepmistry/tools/gcc-arm-none-eabi/5_2-2015q4/bin/../lib/gcc/arm-none-eabi/5.2.1/armv7e-m/fpu/crti.o
                0x00002080                _fini
 .fini          0x00002084        0x8 c:/users/drogoth/appdata/local/arduino15/packages/sandeepmistry/tools/gcc-arm-none-eabi/5_2-2015q4/bin/../lib/gcc/arm-none-eabi/5.2.1/armv7e-m/fpu/crtn.o
 *crtbegin.o(.ctors)
 *crtbegin?.o(.ctors)
 *(EXCLUDE_FILE(*crtend.o *crtend?.o) .ctors)
 *(SORT(.ctors.*))
 *(.ctors)
 *crtbegin.o(.dtors)
 *crtbegin?.o(.dtors)
 *(EXCLUDE_FILE(*crtend.o *crtend?.o) .dtors)
 *(SORT(.dtors.*))
 *(.dtors)
 *(.rodata*)
 .rodata.str1.1
                0x0000208c       0x7c C:\Users\Drogoth\AppData\Local\arduino\sketches\5B74A777885122E91C8732D968E37FA7\sketch\accel_test.ino.cpp.o
 .rodata._ZTV7TwoWire
                0x00002108       0x20 C:\Users\Drogoth\AppData\Local\arduino\sketches\5B74A777885122E91C8732D968E37FA7\libraries\Wire\Wire_nRF52.cpp.o
                0x00002108                vtable for TwoWire
 .rodata.g_ADigitalPinMap
                0x00002128      0x100 C:\Users\Drogoth\AppData\Local\arduino\sketches\5B74A777885122E91C8732D968E37FA7\core\variant.cpp.o
                0x00002128                g_ADigitalPinMap
 .rodata.str1.1
                0x00002228        0xf C:\Users\Drogoth\AppData\Local\arduino\sketches\5B74A777885122E91C8732D968E37FA7/..\..\cores\sandeepmistry_nRF5_Generic_nRF52833_softdevice_none,lfclk_lfxo_1e049c52f3da9da825db5b125609bf59\core.a(Print.cpp.o)
                                 0x11 (size before relaxing)
 *fill*         0x00002237        0x1 
 .rodata._ZTV4Uart
                0x00002238       0x30 C:\Users\Drogoth\AppData\Local\arduino\sketches\5B74A777885122E91C8732D968E37FA7/..\..\cores\sandeepmistry_nRF5_Generic_nRF52833_softdevice_none,lfclk_lfxo_1e049c52f3da9da825db5b125609bf59\core.a(Uart.cpp.o)
                0x00002238                vtable for Uart
 .rodata.str1.1
                0x00002268        0x2 c:/users/drogoth/appdata/local/arduino15/packages/sandeepmistry/tools/gcc-arm-none-eabi/5_2-2015q4/bin/../lib/gcc/arm-none-eabi/5.2.1/../../../../arm-none-eabi/lib/armv7e-m/fpu\libc_nano.a(lib_a-impure.o)
 .rodata._global_impure_ptr
                0x00002268        0x4 c:/users/drogoth/appdata/local/arduino15/packages/sandeepmistry/tools/gcc-arm-none-eabi/5_2-2015q4/bin/../lib/gcc/arm-none-eabi/5.2.1/../../../../arm-none-eabi/lib/armv7e-m/fpu\libc_nano.a(lib_a-impure.o)
                0x00002268                _global_impure_ptr
 *(.eh_frame*)
 .eh_frame      0x0000226c        0x0 c:/users/drogoth/appdata/local/arduino15/packages/sandeepmistry/tools/gcc-arm-none-eabi/5_2-2015q4/bin/../lib/gcc/arm-none-eabi/5.2.1/armv7e-m/fpu/crtbegin.o
 .eh_frame      0x0000226c        0x4 c:/users/drogoth/appdata/local/arduino15/packages/sandeepmistry/tools/gcc-arm-none-eabi/5_2-2015q4/bin/../lib/gcc/arm-none-eabi/5.2.1/armv7e-m/fpu/crtend.o

.glue_7         0x00002270        0x0
 .glue_7        0x00002270        0x0 linker stubs

.glue_7t        0x00002270        0x0
 .glue_7t       0x00002270        0x0 linker stubs

.vfp11_veneer   0x00002270        0x0
 .vfp11_veneer  0x00002270        0x0 linker stubs

.v4_bx          0x00002270        0x0
 .v4_bx         0x00002270        0x0 linker stubs

.iplt           0x00002270        0x0
 .iplt          0x00002270        0x0 c:/users/drogoth/appdata/local/arduino15/packages/sandeepmistry/tools/gcc-arm-none-eabi/5_2-2015q4/bin/../lib/gcc/arm-none-eabi/5.2.1/armv7e-m/fpu/crtbegin.o

.ARM.extab
 *(.ARM.extab* .gnu.linkonce.armextab.*)
                0x00002270                __exidx_start = .

.ARM.exidx      0x00002270        0x8
 *(.ARM.exidx* .gnu.linkonce.armexidx.*)
 .ARM.exidx     0x00002270        0x8 c:/users/drogoth/appdata/local/arduino15/packages/sandeepmistry/tools/gcc-arm-none-eabi/5_2-2015q4/bin/../lib/gcc/arm-none-eabi/5.2.1/../../../../arm-none-eabi/lib/armv7e-m/fpu/crt0.o
                0x00002278                __exidx_end = .

.rel.dyn        0x00002278        0x0
 .rel.iplt      0x00002278        0x0 c:/users/drogoth/appdata/local/arduino15/packages/sandeepmistry/tools/gcc-arm-none-eabi/5_2-2015q4/bin/../lib/gcc/arm-none-eabi/5.2.1/armv7e-m/fpu/crtbegin.o
                0x00002278                . = ALIGN (0x4)
                0x00002278                __etext = .

.data           0x20000000       0x7c load address 0x00002278
                0x20000000                __data_start__ = .
 *(vtable)
 *(.data*)
 .data.SystemCoreClock
                0x20000000        0x4 C:\Users\Drogoth\AppData\Local\arduino\sketches\5B74A777885122E91C8732D968E37FA7/..\..\cores\sandeepmistry_nRF5_Generic_nRF52833_softdevice_none,lfclk_lfxo_1e049c52f3da9da825db5b125609bf59\core.a(system_nrf52.c.o)
                0x20000000                SystemCoreClock
 .data.impure_data
                0x20000004       0x60 c:/users/drogoth/appdata/local/arduino15/packages/sandeepmistry/tools/gcc-arm-none-eabi/5_2-2015q4/bin/../lib/gcc/arm-none-eabi/5.2.1/../../../../arm-none-eabi/lib/armv7e-m/fpu\libc_nano.a(lib_a-impure.o)
                0x20000064                . = ALIGN (0x4)
                0x20000064                PROVIDE (__preinit_array_start, .)
 *(.preinit_array)
                0x20000064                PROVIDE (__preinit_array_end, .)
                0x20000064                . = ALIGN (0x4)
                0x20000064                PROVIDE (__init_array_start, .)
 *(SORT(.init_array.*))
 *(.init_array)
 .init_array    0x20000064        0x4 c:/users/drogoth/appdata/local/arduino15/packages/sandeepmistry/tools/gcc-arm-none-eabi/5_2-2015q4/bin/../lib/gcc/arm-none-eabi/5.2.1/armv7e-m/fpu/crtbegin.o
 .init_array    0x20000068        0x4 C:\Users\Drogoth\AppData\Local\arduino\sketches\5B74A777885122E91C8732D968E37FA7\sketch\accel_test.ino.cpp.o
 .init_array    0x2000006c        0x4 C:\Users\Drogoth\AppData\Local\arduino\sketches\5B74A777885122E91C8732D968E37FA7\libraries\Wire\Wire_nRF52.cpp.o
 .init_array    0x20000070        0x4 C:\Users\Drogoth\AppData\Local\arduino\sketches\5B74A777885122E91C8732D968E37FA7/..\..\cores\sandeepmistry_nRF5_Generic_nRF52833_softdevice_none,lfclk_lfxo_1e049c52f3da9da825db5b125609bf59\core.a(Uart.cpp.o)
                0x20000074                PROVIDE (__init_array_end, .)
                0x20000074                . = ALIGN (0x4)
                [!provide]                PROVIDE (__fini_array_start, .)
 *(SORT(.fini_array.*))
 *(.fini_array)
 .fini_array    0x20000074        0x4 c:/users/drogoth/appdata/local/arduino15/packages/sandeepmistry/tools/gcc-arm-none-eabi/5_2-2015q4/bin/../lib/gcc/arm-none-eabi/5.2.1/armv7e-m/fpu/crtbegin.o
                [!provide]                PROVIDE (__fini_array_end, .)
 *(.jcr*)
 .jcr           0x20000078        0x0 c:/users/drogoth/appdata/local/arduino15/packages/sandeepmistry/tools/gcc-arm-none-eabi/5_2-2015q4/bin/../lib/gcc/arm-none-eabi/5.2.1/armv7e-m/fpu/crtbegin.o
 .jcr           0x20000078        0x4 c:/users/drogoth/appdata/local/arduino15/packages/sandeepmistry/tools/gcc-arm-none-eabi/5_2-2015q4/bin/../lib/gcc/arm-none-eabi/5.2.1/armv7e-m/fpu/crtend.o
                0x2000007c                . = ALIGN (0x4)
                0x2000007c                __data_end__ = .

.tm_clone_table
                0x2000007c        0x0 load address 0x000022f4
 .tm_clone_table
                0x2000007c        0x0 c:/users/drogoth/appdata/local/arduino15/packages/sandeepmistry/tools/gcc-arm-none-eabi/5_2-2015q4/bin/../lib/gcc/arm-none-eabi/5.2.1/armv7e-m/fpu/crtbegin.o
 .tm_clone_table
                0x2000007c        0x0 c:/users/drogoth/appdata/local/arduino15/packages/sandeepmistry/tools/gcc-arm-none-eabi/5_2-2015q4/bin/../lib/gcc/arm-none-eabi/5.2.1/armv7e-m/fpu/crtend.o

.igot.plt       0x2000007c        0x0 load address 0x000022f4
 .igot.plt      0x2000007c        0x0 c:/users/drogoth/appdata/local/arduino15/packages/sandeepmistry/tools/gcc-arm-none-eabi/5_2-2015q4/bin/../lib/gcc/arm-none-eabi/5.2.1/armv7e-m/fpu/crtbegin.o

.bss            0x2000007c      0x178 load address 0x000022f4
                0x2000007c                . = ALIGN (0x4)
                0x2000007c                __bss_start__ = .
 *(.bss*)
 .bss           0x2000007c       0x1c c:/users/drogoth/appdata/local/arduino15/packages/sandeepmistry/tools/gcc-arm-none-eabi/5_2-2015q4/bin/../lib/gcc/arm-none-eabi/5.2.1/armv7e-m/fpu/crtbegin.o
 .bss.accel     0x20000098       0x34 C:\Users\Drogoth\AppData\Local\arduino\sketches\5B74A777885122E91C8732D968E37FA7\sketch\accel_test.ino.cpp.o
                0x20000098                accel
 .bss.Wire      0x200000cc       0xbc C:\Users\Drogoth\AppData\Local\arduino\sketches\5B74A777885122E91C8732D968E37FA7\libraries\Wire\Wire_nRF52.cpp.o
                0x200000cc                Wire
 .bss._ZZN17SPARKFUN_LIS2DH1211isConnectedEvE6whoamI
                0x20000188        0x1 C:\Users\Drogoth\AppData\Local\arduino\sketches\5B74A777885122E91C8732D968E37FA7\libraries\SparkFun_LIS2DH12_Arduino_Library\SparkFun_LIS2DH12.cpp.o
 *fill*         0x20000189        0x3 
 .bss.Serial    0x2000018c       0x64 C:\Users\Drogoth\AppData\Local\arduino\sketches\5B74A777885122E91C8732D968E37FA7/..\..\cores\sandeepmistry_nRF5_Generic_nRF52833_softdevice_none,lfclk_lfxo_1e049c52f3da9da825db5b125609bf59\core.a(Uart.cpp.o)
                0x2000018c                Serial
 .bss.overflows
                0x200001f0        0x4 C:\Users\Drogoth\AppData\Local\arduino\sketches\5B74A777885122E91C8732D968E37FA7/..\..\cores\sandeepmistry_nRF5_Generic_nRF52833_softdevice_none,lfclk_lfxo_1e049c52f3da9da825db5b125609bf59\core.a(delay.c.o)
 *(COMMON)
                0x200001f4                . = ALIGN (0x4)
                0x200001f4                __bss_end__ = .

.heap           0x200001f8     0x2000
                0x200001f8                __HeapBase = .
                0x200001f8                __end__ = .
                [!provide]                PROVIDE (end, .)
 *(.heap*)
 .heap          0x200001f8     0x2000 C:\Users\Drogoth\AppData\Local\arduino\sketches\5B74A777885122E91C8732D968E37FA7/..\..\cores\sandeepmistry_nRF5_Generic_nRF52833_softdevice_none,lfclk_lfxo_1e049c52f3da9da825db5b125609bf59\core.a(gcc_startup_nrf52833.S.o)
                0x200021f8                __HeapLimit = .

.stack_dummy    0x200001f8     0x2000
 *(.stack*)
 .stack         0x200001f8     0x2000 C:\Users\Drogoth\AppData\Local\arduino\sketches\5B74A777885122E91C8732D968E37FA7/..\..\cores\sandeepmistry_nRF5_Generic_nRF52833_softdevice_none,lfclk_lfxo_1e049c52f3da9da825db5b125609bf59\core.a(gcc_startup_nrf52833.S.o)
                0x20020000                __StackTop = (ORIGIN (RAM) + LENGTH (RAM))
                0x2001e000                __StackLimit = (__StackTop - SIZEOF (.stack_dummy))
                0x20020000                PROVIDE (__stack, __StackTop)
                0x00000001                ASSERT ((__StackLimit >= __HeapLimit), region RAM overflowed with stack)
                0x0000007c                DataInitFlashUsed = (__bss_start__ - __data_start__)
                0x00002278                CodeFlashUsed = (__etext - ORIGIN (FLASH))
                0x000022f4                TotalFlashUsed = (CodeFlashUsed + DataInitFlashUsed)
                0x00000001                ASSERT ((TotalFlashUsed <= LENGTH (FLASH)), region FLASH overflowed with .data and user data)
OUTPUT(C:\Users\Drogoth\AppData\Local\arduino\sketches\5B74A777885122E91C8732D968E37FA7/accel_test.ino.elf elf32-littlearm)

.ARM.attributes
                0x00000000       0x30
 .ARM.attributes
                0x00000000       0x22 c:/users/drogoth/appdata/local/arduino15/packages/sandeepmistry/tools/gcc-arm-none-eabi/5_2-2015q4/bin/../lib/gcc/arm-none-eabi/5.2.1/armv7e-m/fpu/crti.o
 .ARM.attributes
                0x00000022       0x34 c:/users/drogoth/appdata/local/arduino15/packages/sandeepmistry/tools/gcc-arm-none-eabi/5_2-2015q4/bin/../lib/gcc/arm-none-eabi/5.2.1/armv7e-m/fpu/crtbegin.o
 .ARM.attributes
                0x00000056       0x20 c:/users/drogoth/appdata/local/arduino15/packages/sandeepmistry/tools/gcc-arm-none-eabi/5_2-2015q4/bin/../lib/gcc/arm-none-eabi/5.2.1/../../../../arm-none-eabi/lib/armv7e-m/fpu/crt0.o
 .ARM.attributes
                0x00000076       0x39 C:\Users\Drogoth\AppData\Local\arduino\sketches\5B74A777885122E91C8732D968E37FA7\sketch\accel_test.ino.cpp.o
 .ARM.attributes
                0x000000af       0x39 C:\Users\Drogoth\AppData\Local\arduino\sketches\5B74A777885122E91C8732D968E37FA7\libraries\Wire\Wire_nRF52.cpp.o
 .ARM.attributes
                0x000000e8       0x39 C:\Users\Drogoth\AppData\Local\arduino\sketches\5B74A777885122E91C8732D968E37FA7\libraries\SparkFun_LIS2DH12_Arduino_Library\SparkFun_LIS2DH12.cpp.o
 .ARM.attributes
                0x00000121       0x39 C:\Users\Drogoth\AppData\Local\arduino\sketches\5B74A777885122E91C8732D968E37FA7\libraries\SparkFun_LIS2DH12_Arduino_Library\lis2dh12_reg.cpp.o
 .ARM.attributes
                0x0000015a       0x39 C:\Users\Drogoth\AppData\Local\arduino\sketches\5B74A777885122E91C8732D968E37FA7\core\variant.cpp.o
 .ARM.attributes
                0x00000193       0x39 C:\Users\Drogoth\AppData\Local\arduino\sketches\5B74A777885122E91C8732D968E37FA7/..\..\cores\sandeepmistry_nRF5_Generic_nRF52833_softdevice_none,lfclk_lfxo_1e049c52f3da9da825db5b125609bf59\core.a(Print.cpp.o)
 .ARM.attributes
                0x000001cc       0x39 C:\Users\Drogoth\AppData\Local\arduino\sketches\5B74A777885122E91C8732D968E37FA7/..\..\cores\sandeepmistry_nRF5_Generic_nRF52833_softdevice_none,lfclk_lfxo_1e049c52f3da9da825db5b125609bf59\core.a(RingBuffer.cpp.o)
 .ARM.attributes
                0x00000205       0x1c C:\Users\Drogoth\AppData\Local\arduino\sketches\5B74A777885122E91C8732D968E37FA7/..\..\cores\sandeepmistry_nRF5_Generic_nRF52833_softdevice_none,lfclk_lfxo_1e049c52f3da9da825db5b125609bf59\core.a(gcc_startup_nrf52833.S.o)
 .ARM.attributes
                0x00000221       0x39 C:\Users\Drogoth\AppData\Local\arduino\sketches\5B74A777885122E91C8732D968E37FA7/..\..\cores\sandeepmistry_nRF5_Generic_nRF52833_softdevice_none,lfclk_lfxo_1e049c52f3da9da825db5b125609bf59\core.a(system_nrf52.c.o)
 .ARM.attributes
                0x0000025a       0x39 C:\Users\Drogoth\AppData\Local\arduino\sketches\5B74A777885122E91C8732D968E37FA7/..\..\cores\sandeepmistry_nRF5_Generic_nRF52833_softdevice_none,lfclk_lfxo_1e049c52f3da9da825db5b125609bf59\core.a(Uart.cpp.o)
 .ARM.attributes
                0x00000293       0x39 C:\Users\Drogoth\AppData\Local\arduino\sketches\5B74A777885122E91C8732D968E37FA7/..\..\cores\sandeepmistry_nRF5_Generic_nRF52833_softdevice_none,lfclk_lfxo_1e049c52f3da9da825db5b125609bf59\core.a(delay.c.o)
 .ARM.attributes
                0x000002cc       0x39 C:\Users\Drogoth\AppData\Local\arduino\sketches\5B74A777885122E91C8732D968E37FA7/..\..\cores\sandeepmistry_nRF5_Generic_nRF52833_softdevice_none,lfclk_lfxo_1e049c52f3da9da825db5b125609bf59\core.a(hooks.c.o)
 .ARM.attributes
                0x00000305       0x39 C:\Users\Drogoth\AppData\Local\arduino\sketches\5B74A777885122E91C8732D968E37FA7/..\..\cores\sandeepmistry_nRF5_Generic_nRF52833_softdevice_none,lfclk_lfxo_1e049c52f3da9da825db5b125609bf59\core.a(main.cpp.o)
 .ARM.attributes
                0x0000033e       0x39 C:\Users\Drogoth\AppData\Local\arduino\sketches\5B74A777885122E91C8732D968E37FA7/..\..\cores\sandeepmistry_nRF5_Generic_nRF52833_softdevice_none,lfclk_lfxo_1e049c52f3da9da825db5b125609bf59\core.a(wiring.c.o)
 .ARM.attributes
                0x00000377       0x34 c:/users/drogoth/appdata/local/arduino15/packages/sandeepmistry/tools/gcc-arm-none-eabi/5_2-2015q4/bin/../lib/gcc/arm-none-eabi/5.2.1/../../../../arm-none-eabi/lib/armv7e-m/fpu\libm.a(lib_a-s_fpclassify.o)
 .ARM.attributes
                0x000003ab       0x22 c:/users/drogoth/appdata/local/arduino15/packages/sandeepmistry/tools/gcc-arm-none-eabi/5_2-2015q4/bin/../lib/gcc/arm-none-eabi/5.2.1/armv7e-m/fpu\libgcc.a(_arm_addsubdf3.o)
 .ARM.attributes
                0x000003cd       0x22 c:/users/drogoth/appdata/local/arduino15/packages/sandeepmistry/tools/gcc-arm-none-eabi/5_2-2015q4/bin/../lib/gcc/arm-none-eabi/5.2.1/armv7e-m/fpu\libgcc.a(_arm_muldivdf3.o)
 .ARM.attributes
                0x000003ef       0x22 c:/users/drogoth/appdata/local/arduino15/packages/sandeepmistry/tools/gcc-arm-none-eabi/5_2-2015q4/bin/../lib/gcc/arm-none-eabi/5.2.1/armv7e-m/fpu\libgcc.a(_arm_cmpdf2.o)
 .ARM.attributes
                0x00000411       0x22 c:/users/drogoth/appdata/local/arduino15/packages/sandeepmistry/tools/gcc-arm-none-eabi/5_2-2015q4/bin/../lib/gcc/arm-none-eabi/5.2.1/armv7e-m/fpu\libgcc.a(_arm_fixdfsi.o)
 .ARM.attributes
                0x00000433       0x22 c:/users/drogoth/appdata/local/arduino15/packages/sandeepmistry/tools/gcc-arm-none-eabi/5_2-2015q4/bin/../lib/gcc/arm-none-eabi/5.2.1/armv7e-m/fpu\libgcc.a(_arm_fixunsdfsi.o)
 .ARM.attributes
                0x00000455       0x34 c:/users/drogoth/appdata/local/arduino15/packages/sandeepmistry/tools/gcc-arm-none-eabi/5_2-2015q4/bin/../lib/gcc/arm-none-eabi/5.2.1/../../../../arm-none-eabi/lib/armv7e-m/fpu\libc_nano.a(lib_a-exit.o)
 .ARM.attributes
                0x00000489       0x34 c:/users/drogoth/appdata/local/arduino15/packages/sandeepmistry/tools/gcc-arm-none-eabi/5_2-2015q4/bin/../lib/gcc/arm-none-eabi/5.2.1/../../../../arm-none-eabi/lib/armv7e-m/fpu\libc_nano.a(lib_a-impure.o)
 .ARM.attributes
                0x000004bd       0x34 c:/users/drogoth/appdata/local/arduino15/packages/sandeepmistry/tools/gcc-arm-none-eabi/5_2-2015q4/bin/../lib/gcc/arm-none-eabi/5.2.1/../../../../arm-none-eabi/lib/armv7e-m/fpu\libc_nano.a(lib_a-init.o)
 .ARM.attributes
                0x000004f1       0x34 c:/users/drogoth/appdata/local/arduino15/packages/sandeepmistry/tools/gcc-arm-none-eabi/5_2-2015q4/bin/../lib/gcc/arm-none-eabi/5.2.1/../../../../arm-none-eabi/lib/armv7e-m/fpu\libc_nano.a(lib_a-memset.o)
 .ARM.attributes
                0x00000525       0x1b c:/users/drogoth/appdata/local/arduino15/packages/sandeepmistry/tools/gcc-arm-none-eabi/5_2-2015q4/bin/../lib/gcc/arm-none-eabi/5.2.1/../../../../arm-none-eabi/lib/armv7e-m/fpu\libc_nano.a(lib_a-strlen.o)
 .ARM.attributes
                0x00000540       0x34 c:/users/drogoth/appdata/local/arduino15/packages/sandeepmistry/tools/gcc-arm-none-eabi/5_2-2015q4/bin/../lib/gcc/arm-none-eabi/5.2.1/../../../../arm-none-eabi/lib/armv7e-m/fpu\libnosys.a(_exit.o)
 .ARM.attributes
                0x00000574       0x34 c:/users/drogoth/appdata/local/arduino15/packages/sandeepmistry/tools/gcc-arm-none-eabi/5_2-2015q4/bin/../lib/gcc/arm-none-eabi/5.2.1/armv7e-m/fpu/crtend.o
 .ARM.attributes
                0x000005a8       0x22 c:/users/drogoth/appdata/local/arduino15/packages/sandeepmistry/tools/gcc-arm-none-eabi/5_2-2015q4/bin/../lib/gcc/arm-none-eabi/5.2.1/armv7e-m/fpu/crtn.o

.comment        0x00000000       0x6e
 .comment       0x00000000       0x6e C:\Users\Drogoth\AppData\Local\arduino\sketches\5B74A777885122E91C8732D968E37FA7\sketch\accel_test.ino.cpp.o
                                 0x6f (size before relaxing)
 .comment       0x0000006e       0x6f C:\Users\Drogoth\AppData\Local\arduino\sketches\5B74A777885122E91C8732D968E37FA7\libraries\Wire\Wire_nRF52.cpp.o
 .comment       0x0000006e       0x6f C:\Users\Drogoth\AppData\Local\arduino\sketches\5B74A777885122E91C8732D968E37FA7\libraries\SparkFun_LIS2DH12_Arduino_Library\SparkFun_LIS2DH12.cpp.o
 .comment       0x0000006e       0x6f C:\Users\Drogoth\AppData\Local\arduino\sketches\5B74A777885122E91C8732D968E37FA7\libraries\SparkFun_LIS2DH12_Arduino_Library\lis2dh12_reg.cpp.o
 .comment       0x0000006e       0x6f C:\Users\Drogoth\AppData\Local\arduino\sketches\5B74A777885122E91C8732D968E37FA7\core\variant.cpp.o
 .comment       0x0000006e       0x6f C:\Users\Drogoth\AppData\Local\arduino\sketches\5B74A777885122E91C8732D968E37FA7/..\..\cores\sandeepmistry_nRF5_Generic_nRF52833_softdevice_none,lfclk_lfxo_1e049c52f3da9da825db5b125609bf59\core.a(Print.cpp.o)
 .comment       0x0000006e       0x6f C:\Users\Drogoth\AppData\Local\arduino\sketches\5B74A777885122E91C8732D968E37FA7/..\..\cores\sandeepmistry_nRF5_Generic_nRF52833_softdevice_none,lfclk_lfxo_1e049c52f3da9da825db5b125609bf59\core.a(RingBuffer.cpp.o)
 .comment       0x0000006e       0x6f C:\Users\Drogoth\AppData\Local\arduino\sketches\5B74A777885122E91C8732D968E37FA7/..\..\cores\sandeepmistry_nRF5_Generic_nRF52833_softdevice_none,lfclk_lfxo_1e049c52f3da9da825db5b125609bf59\core.a(system_nrf52.c.o)
 .comment       0x0000006e       0x6f C:\Users\Drogoth\AppData\Local\arduino\sketches\5B74A777885122E91C8732D968E37FA7/..\..\cores\sandeepmistry_nRF5_Generic_nRF52833_softdevice_none,lfclk_lfxo_1e049c52f3da9da825db5b125609bf59\core.a(Uart.cpp.o)
 .comment       0x0000006e       0x6f C:\Users\Drogoth\AppData\Local\arduino\sketches\5B74A777885122E91C8732D968E37FA7/..\..\cores\sandeepmistry_nRF5_Generic_nRF52833_softdevice_none,lfclk_lfxo_1e049c52f3da9da825db5b125609bf59\core.a(delay.c.o)
 .comment       0x0000006e       0x6f C:\Users\Drogoth\AppData\Local\arduino\sketches\5B74A777885122E91C8732D968E37FA7/..\..\cores\sandeepmistry_nRF5_Generic_nRF52833_softdevice_none,lfclk_lfxo_1e049c52f3da9da825db5b125609bf59\core.a(hooks.c.o)
 .comment       0x0000006e       0x6f C:\Users\Drogoth\AppData\Local\arduino\sketches\5B74A777885122E91C8732D968E37FA7/..\..\cores\sandeepmistry_nRF5_Generic_nRF52833_softdevice_none,lfclk_lfxo_1e049c52f3da9da825db5b125609bf59\core.a(main.cpp.o)
 .comment       0x0000006e       0x6f C:\Users\Drogoth\AppData\Local\arduino\sketches\5B74A777885122E91C8732D968E37FA7/..\..\cores\sandeepmistry_nRF5_Generic_nRF52833_softdevice_none,lfclk_lfxo_1e049c52f3da9da825db5b125609bf59\core.a(wiring.c.o)

.debug_info     0x00000000    0x124e8
 .debug_info    0x00000000      0xbf1 C:\Users\Drogoth\AppData\Local\arduino\sketches\5B74A777885122E91C8732D968E37FA7\sketch\accel_test.ino.cpp.o
 .debug_info    0x00000bf1     0x321f C:\Users\Drogoth\AppData\Local\arduino\sketches\5B74A777885122E91C8732D968E37FA7\libraries\Wire\Wire_nRF52.cpp.o
 .debug_info    0x00003e10     0x2947 C:\Users\Drogoth\AppData\Local\arduino\sketches\5B74A777885122E91C8732D968E37FA7\libraries\SparkFun_LIS2DH12_Arduino_Library\SparkFun_LIS2DH12.cpp.o
 .debug_info    0x00006757     0x43cf C:\Users\Drogoth\AppData\Local\arduino\sketches\5B74A777885122E91C8732D968E37FA7\libraries\SparkFun_LIS2DH12_Arduino_Library\lis2dh12_reg.cpp.o
 .debug_info    0x0000ab26      0x158 C:\Users\Drogoth\AppData\Local\arduino\sketches\5B74A777885122E91C8732D968E37FA7\core\variant.cpp.o
 .debug_info    0x0000ac7e     0x262e C:\Users\Drogoth\AppData\Local\arduino\sketches\5B74A777885122E91C8732D968E37FA7/..\..\cores\sandeepmistry_nRF5_Generic_nRF52833_softdevice_none,lfclk_lfxo_1e049c52f3da9da825db5b125609bf59\core.a(Print.cpp.o)
 .debug_info    0x0000d2ac      0x414 C:\Users\Drogoth\AppData\Local\arduino\sketches\5B74A777885122E91C8732D968E37FA7/..\..\cores\sandeepmistry_nRF5_Generic_nRF52833_softdevice_none,lfclk_lfxo_1e049c52f3da9da825db5b125609bf59\core.a(RingBuffer.cpp.o)
 .debug_info    0x0000d6c0       0xf0 C:\Users\Drogoth\AppData\Local\arduino\sketches\5B74A777885122E91C8732D968E37FA7/..\..\cores\sandeepmistry_nRF5_Generic_nRF52833_softdevice_none,lfclk_lfxo_1e049c52f3da9da825db5b125609bf59\core.a(gcc_startup_nrf52833.S.o)
 .debug_info    0x0000d7b0     0x103e C:\Users\Drogoth\AppData\Local\arduino\sketches\5B74A777885122E91C8732D968E37FA7/..\..\cores\sandeepmistry_nRF5_Generic_nRF52833_softdevice_none,lfclk_lfxo_1e049c52f3da9da825db5b125609bf59\core.a(system_nrf52.c.o)
 .debug_info    0x0000e7ee     0x2aee C:\Users\Drogoth\AppData\Local\arduino\sketches\5B74A777885122E91C8732D968E37FA7/..\..\cores\sandeepmistry_nRF5_Generic_nRF52833_softdevice_none,lfclk_lfxo_1e049c52f3da9da825db5b125609bf59\core.a(Uart.cpp.o)
 .debug_info    0x000112dc      0x450 C:\Users\Drogoth\AppData\Local\arduino\sketches\5B74A777885122E91C8732D968E37FA7/..\..\cores\sandeepmistry_nRF5_Generic_nRF52833_softdevice_none,lfclk_lfxo_1e049c52f3da9da825db5b125609bf59\core.a(delay.c.o)
 .debug_info    0x0001172c       0x60 C:\Users\Drogoth\AppData\Local\arduino\sketches\5B74A777885122E91C8732D968E37FA7/..\..\cores\sandeepmistry_nRF5_Generic_nRF52833_softdevice_none,lfclk_lfxo_1e049c52f3da9da825db5b125609bf59\core.a(hooks.c.o)
 .debug_info    0x0001178c      0x2a2 C:\Users\Drogoth\AppData\Local\arduino\sketches\5B74A777885122E91C8732D968E37FA7/..\..\cores\sandeepmistry_nRF5_Generic_nRF52833_softdevice_none,lfclk_lfxo_1e049c52f3da9da825db5b125609bf59\core.a(main.cpp.o)
 .debug_info    0x00011a2e      0xaba C:\Users\Drogoth\AppData\Local\arduino\sketches\5B74A777885122E91C8732D968E37FA7/..\..\cores\sandeepmistry_nRF5_Generic_nRF52833_softdevice_none,lfclk_lfxo_1e049c52f3da9da825db5b125609bf59\core.a(wiring.c.o)

.debug_abbrev   0x00000000     0x2351
 .debug_abbrev  0x00000000      0x318 C:\Users\Drogoth\AppData\Local\arduino\sketches\5B74A777885122E91C8732D968E37FA7\sketch\accel_test.ino.cpp.o
 .debug_abbrev  0x00000318      0x61d C:\Users\Drogoth\AppData\Local\arduino\sketches\5B74A777885122E91C8732D968E37FA7\libraries\Wire\Wire_nRF52.cpp.o
 .debug_abbrev  0x00000935      0x534 C:\Users\Drogoth\AppData\Local\arduino\sketches\5B74A777885122E91C8732D968E37FA7\libraries\SparkFun_LIS2DH12_Arduino_Library\SparkFun_LIS2DH12.cpp.o
 .debug_abbrev  0x00000e69      0x226 C:\Users\Drogoth\AppData\Local\arduino\sketches\5B74A777885122E91C8732D968E37FA7\libraries\SparkFun_LIS2DH12_Arduino_Library\lis2dh12_reg.cpp.o
 .debug_abbrev  0x0000108f       0x91 C:\Users\Drogoth\AppData\Local\arduino\sketches\5B74A777885122E91C8732D968E37FA7\core\variant.cpp.o
 .debug_abbrev  0x00001120      0x496 C:\Users\Drogoth\AppData\Local\arduino\sketches\5B74A777885122E91C8732D968E37FA7/..\..\cores\sandeepmistry_nRF5_Generic_nRF52833_softdevice_none,lfclk_lfxo_1e049c52f3da9da825db5b125609bf59\core.a(Print.cpp.o)
 .debug_abbrev  0x000015b6      0x1d4 C:\Users\Drogoth\AppData\Local\arduino\sketches\5B74A777885122E91C8732D968E37FA7/..\..\cores\sandeepmistry_nRF5_Generic_nRF52833_softdevice_none,lfclk_lfxo_1e049c52f3da9da825db5b125609bf59\core.a(RingBuffer.cpp.o)
 .debug_abbrev  0x0000178a       0x14 C:\Users\Drogoth\AppData\Local\arduino\sketches\5B74A777885122E91C8732D968E37FA7/..\..\cores\sandeepmistry_nRF5_Generic_nRF52833_softdevice_none,lfclk_lfxo_1e049c52f3da9da825db5b125609bf59\core.a(gcc_startup_nrf52833.S.o)
 .debug_abbrev  0x0000179e      0x1f9 C:\Users\Drogoth\AppData\Local\arduino\sketches\5B74A777885122E91C8732D968E37FA7/..\..\cores\sandeepmistry_nRF5_Generic_nRF52833_softdevice_none,lfclk_lfxo_1e049c52f3da9da825db5b125609bf59\core.a(system_nrf52.c.o)
 .debug_abbrev  0x00001997      0x528 C:\Users\Drogoth\AppData\Local\arduino\sketches\5B74A777885122E91C8732D968E37FA7/..\..\cores\sandeepmistry_nRF5_Generic_nRF52833_softdevice_none,lfclk_lfxo_1e049c52f3da9da825db5b125609bf59\core.a(Uart.cpp.o)
 .debug_abbrev  0x00001ebf      0x14a C:\Users\Drogoth\AppData\Local\arduino\sketches\5B74A777885122E91C8732D968E37FA7/..\..\cores\sandeepmistry_nRF5_Generic_nRF52833_softdevice_none,lfclk_lfxo_1e049c52f3da9da825db5b125609bf59\core.a(delay.c.o)
 .debug_abbrev  0x00002009       0x5e C:\Users\Drogoth\AppData\Local\arduino\sketches\5B74A777885122E91C8732D968E37FA7/..\..\cores\sandeepmistry_nRF5_Generic_nRF52833_softdevice_none,lfclk_lfxo_1e049c52f3da9da825db5b125609bf59\core.a(hooks.c.o)
 .debug_abbrev  0x00002067      0x178 C:\Users\Drogoth\AppData\Local\arduino\sketches\5B74A777885122E91C8732D968E37FA7/..\..\cores\sandeepmistry_nRF5_Generic_nRF52833_softdevice_none,lfclk_lfxo_1e049c52f3da9da825db5b125609bf59\core.a(main.cpp.o)
 .debug_abbrev  0x000021df      0x172 C:\Users\Drogoth\AppData\Local\arduino\sketches\5B74A777885122E91C8732D968E37FA7/..\..\cores\sandeepmistry_nRF5_Generic_nRF52833_softdevice_none,lfclk_lfxo_1e049c52f3da9da825db5b125609bf59\core.a(wiring.c.o)

.debug_loc      0x00000000     0x47de
 .debug_loc     0x00000000       0x8e C:\Users\Drogoth\AppData\Local\arduino\sketches\5B74A777885122E91C8732D968E37FA7\sketch\accel_test.ino.cpp.o
 .debug_loc     0x0000008e      0x6fc C:\Users\Drogoth\AppData\Local\arduino\sketches\5B74A777885122E91C8732D968E37FA7\libraries\Wire\Wire_nRF52.cpp.o
 .debug_loc     0x0000078a      0x8fa C:\Users\Drogoth\AppData\Local\arduino\sketches\5B74A777885122E91C8732D968E37FA7\libraries\SparkFun_LIS2DH12_Arduino_Library\SparkFun_LIS2DH12.cpp.o
 .debug_loc     0x00001084     0x1d9e C:\Users\Drogoth\AppData\Local\arduino\sketches\5B74A777885122E91C8732D968E37FA7\libraries\SparkFun_LIS2DH12_Arduino_Library\lis2dh12_reg.cpp.o
 .debug_loc     0x00002e22     0x1201 C:\Users\Drogoth\AppData\Local\arduino\sketches\5B74A777885122E91C8732D968E37FA7/..\..\cores\sandeepmistry_nRF5_Generic_nRF52833_softdevice_none,lfclk_lfxo_1e049c52f3da9da825db5b125609bf59\core.a(Print.cpp.o)
 .debug_loc     0x00004023      0x153 C:\Users\Drogoth\AppData\Local\arduino\sketches\5B74A777885122E91C8732D968E37FA7/..\..\cores\sandeepmistry_nRF5_Generic_nRF52833_softdevice_none,lfclk_lfxo_1e049c52f3da9da825db5b125609bf59\core.a(RingBuffer.cpp.o)
 .debug_loc     0x00004176       0xe1 C:\Users\Drogoth\AppData\Local\arduino\sketches\5B74A777885122E91C8732D968E37FA7/..\..\cores\sandeepmistry_nRF5_Generic_nRF52833_softdevice_none,lfclk_lfxo_1e049c52f3da9da825db5b125609bf59\core.a(system_nrf52.c.o)
 .debug_loc     0x00004257      0x4be C:\Users\Drogoth\AppData\Local\arduino\sketches\5B74A777885122E91C8732D968E37FA7/..\..\cores\sandeepmistry_nRF5_Generic_nRF52833_softdevice_none,lfclk_lfxo_1e049c52f3da9da825db5b125609bf59\core.a(Uart.cpp.o)
 .debug_loc     0x00004715       0x79 C:\Users\Drogoth\AppData\Local\arduino\sketches\5B74A777885122E91C8732D968E37FA7/..\..\cores\sandeepmistry_nRF5_Generic_nRF52833_softdevice_none,lfclk_lfxo_1e049c52f3da9da825db5b125609bf59\core.a(delay.c.o)
 .debug_loc     0x0000478e       0x50 C:\Users\Drogoth\AppData\Local\arduino\sketches\5B74A777885122E91C8732D968E37FA7/..\..\cores\sandeepmistry_nRF5_Generic_nRF52833_softdevice_none,lfclk_lfxo_1e049c52f3da9da825db5b125609bf59\core.a(wiring.c.o)

.debug_aranges  0x00000000      0x8c8
 .debug_aranges
                0x00000000       0x30 C:\Users\Drogoth\AppData\Local\arduino\sketches\5B74A777885122E91C8732D968E37FA7\sketch\accel_test.ino.cpp.o
 .debug_aranges
                0x00000030       0xc8 C:\Users\Drogoth\AppData\Local\arduino\sketches\5B74A777885122E91C8732D968E37FA7\libraries\Wire\Wire_nRF52.cpp.o
 .debug_aranges
                0x000000f8      0x150 C:\Users\Drogoth\AppData\Local\arduino\sketches\5B74A777885122E91C8732D968E37FA7\libraries\SparkFun_LIS2DH12_Arduino_Library\SparkFun_LIS2DH12.cpp.o
 .debug_aranges
                0x00000248      0x390 C:\Users\Drogoth\AppData\Local\arduino\sketches\5B74A777885122E91C8732D968E37FA7\libraries\SparkFun_LIS2DH12_Arduino_Library\lis2dh12_reg.cpp.o
 .debug_aranges
                0x000005d8       0x18 C:\Users\Drogoth\AppData\Local\arduino\sketches\5B74A777885122E91C8732D968E37FA7\core\variant.cpp.o
 .debug_aranges
                0x000005f0       0xe0 C:\Users\Drogoth\AppData\Local\arduino\sketches\5B74A777885122E91C8732D968E37FA7/..\..\cores\sandeepmistry_nRF5_Generic_nRF52833_softdevice_none,lfclk_lfxo_1e049c52f3da9da825db5b125609bf59\core.a(Print.cpp.o)
 .debug_aranges
                0x000006d0       0x58 C:\Users\Drogoth\AppData\Local\arduino\sketches\5B74A777885122E91C8732D968E37FA7/..\..\cores\sandeepmistry_nRF5_Generic_nRF52833_softdevice_none,lfclk_lfxo_1e049c52f3da9da825db5b125609bf59\core.a(RingBuffer.cpp.o)
 .debug_aranges
                0x00000728       0x20 C:\Users\Drogoth\AppData\Local\arduino\sketches\5B74A777885122E91C8732D968E37FA7/..\..\cores\sandeepmistry_nRF5_Generic_nRF52833_softdevice_none,lfclk_lfxo_1e049c52f3da9da825db5b125609bf59\core.a(gcc_startup_nrf52833.S.o)
 .debug_aranges
                0x00000748       0x38 C:\Users\Drogoth\AppData\Local\arduino\sketches\5B74A777885122E91C8732D968E37FA7/..\..\cores\sandeepmistry_nRF5_Generic_nRF52833_softdevice_none,lfclk_lfxo_1e049c52f3da9da825db5b125609bf59\core.a(system_nrf52.c.o)
 .debug_aranges
                0x00000780       0x98 C:\Users\Drogoth\AppData\Local\arduino\sketches\5B74A777885122E91C8732D968E37FA7/..\..\cores\sandeepmistry_nRF5_Generic_nRF52833_softdevice_none,lfclk_lfxo_1e049c52f3da9da825db5b125609bf59\core.a(Uart.cpp.o)
 .debug_aranges
                0x00000818       0x38 C:\Users\Drogoth\AppData\Local\arduino\sketches\5B74A777885122E91C8732D968E37FA7/..\..\cores\sandeepmistry_nRF5_Generic_nRF52833_softdevice_none,lfclk_lfxo_1e049c52f3da9da825db5b125609bf59\core.a(delay.c.o)
 .debug_aranges
                0x00000850       0x30 C:\Users\Drogoth\AppData\Local\arduino\sketches\5B74A777885122E91C8732D968E37FA7/..\..\cores\sandeepmistry_nRF5_Generic_nRF52833_softdevice_none,lfclk_lfxo_1e049c52f3da9da825db5b125609bf59\core.a(hooks.c.o)
 .debug_aranges
                0x00000880       0x28 C:\Users\Drogoth\AppData\Local\arduino\sketches\5B74A777885122E91C8732D968E37FA7/..\..\cores\sandeepmistry_nRF5_Generic_nRF52833_softdevice_none,lfclk_lfxo_1e049c52f3da9da825db5b125609bf59\core.a(main.cpp.o)
 .debug_aranges
                0x000008a8       0x20 C:\Users\Drogoth\AppData\Local\arduino\sketches\5B74A777885122E91C8732D968E37FA7/..\..\cores\sandeepmistry_nRF5_Generic_nRF52833_softdevice_none,lfclk_lfxo_1e049c52f3da9da825db5b125609bf59\core.a(wiring.c.o)

.debug_ranges   0x00000000      0x9b0
 .debug_ranges  0x00000000       0x38 C:\Users\Drogoth\AppData\Local\arduino\sketches\5B74A777885122E91C8732D968E37FA7\sketch\accel_test.ino.cpp.o
 .debug_ranges  0x00000038      0x160 C:\Users\Drogoth\AppData\Local\arduino\sketches\5B74A777885122E91C8732D968E37FA7\libraries\Wire\Wire_nRF52.cpp.o
 .debug_ranges  0x00000198      0x158 C:\Users\Drogoth\AppData\Local\arduino\sketches\5B74A777885122E91C8732D968E37FA7\libraries\SparkFun_LIS2DH12_Arduino_Library\SparkFun_LIS2DH12.cpp.o
 .debug_ranges  0x000002f0      0x380 C:\Users\Drogoth\AppData\Local\arduino\sketches\5B74A777885122E91C8732D968E37FA7\libraries\SparkFun_LIS2DH12_Arduino_Library\lis2dh12_reg.cpp.o
 .debug_ranges  0x00000670      0x148 C:\Users\Drogoth\AppData\Local\arduino\sketches\5B74A777885122E91C8732D968E37FA7/..\..\cores\sandeepmistry_nRF5_Generic_nRF52833_softdevice_none,lfclk_lfxo_1e049c52f3da9da825db5b125609bf59\core.a(Print.cpp.o)
 .debug_ranges  0x000007b8       0x60 C:\Users\Drogoth\AppData\Local\arduino\sketches\5B74A777885122E91C8732D968E37FA7/..\..\cores\sandeepmistry_nRF5_Generic_nRF52833_softdevice_none,lfclk_lfxo_1e049c52f3da9da825db5b125609bf59\core.a(RingBuffer.cpp.o)
 .debug_ranges  0x00000818       0x28 C:\Users\Drogoth\AppData\Local\arduino\sketches\5B74A777885122E91C8732D968E37FA7/..\..\cores\sandeepmistry_nRF5_Generic_nRF52833_softdevice_none,lfclk_lfxo_1e049c52f3da9da825db5b125609bf59\core.a(system_nrf52.c.o)
 .debug_ranges  0x00000840      0x100 C:\Users\Drogoth\AppData\Local\arduino\sketches\5B74A777885122E91C8732D968E37FA7/..\..\cores\sandeepmistry_nRF5_Generic_nRF52833_softdevice_none,lfclk_lfxo_1e049c52f3da9da825db5b125609bf59\core.a(Uart.cpp.o)
 .debug_ranges  0x00000940       0x28 C:\Users\Drogoth\AppData\Local\arduino\sketches\5B74A777885122E91C8732D968E37FA7/..\..\cores\sandeepmistry_nRF5_Generic_nRF52833_softdevice_none,lfclk_lfxo_1e049c52f3da9da825db5b125609bf59\core.a(delay.c.o)
 .debug_ranges  0x00000968       0x20 C:\Users\Drogoth\AppData\Local\arduino\sketches\5B74A777885122E91C8732D968E37FA7/..\..\cores\sandeepmistry_nRF5_Generic_nRF52833_softdevice_none,lfclk_lfxo_1e049c52f3da9da825db5b125609bf59\core.a(hooks.c.o)
 .debug_ranges  0x00000988       0x18 C:\Users\Drogoth\AppData\Local\arduino\sketches\5B74A777885122E91C8732D968E37FA7/..\..\cores\sandeepmistry_nRF5_Generic_nRF52833_softdevice_none,lfclk_lfxo_1e049c52f3da9da825db5b125609bf59\core.a(main.cpp.o)
 .debug_ranges  0x000009a0       0x10 C:\Users\Drogoth\AppData\Local\arduino\sketches\5B74A777885122E91C8732D968E37FA7/..\..\cores\sandeepmistry_nRF5_Generic_nRF52833_softdevice_none,lfclk_lfxo_1e049c52f3da9da825db5b125609bf59\core.a(wiring.c.o)

.debug_line     0x00000000     0x4862
 .debug_line    0x00000000      0x637 C:\Users\Drogoth\AppData\Local\arduino\sketches\5B74A777885122E91C8732D968E37FA7\sketch\accel_test.ino.cpp.o
 .debug_line    0x00000637      0x880 C:\Users\Drogoth\AppData\Local\arduino\sketches\5B74A777885122E91C8732D968E37FA7\libraries\Wire\Wire_nRF52.cpp.o
 .debug_line    0x00000eb7      0x99b C:\Users\Drogoth\AppData\Local\arduino\sketches\5B74A777885122E91C8732D968E37FA7\libraries\SparkFun_LIS2DH12_Arduino_Library\SparkFun_LIS2DH12.cpp.o
 .debug_line    0x00001852      0xb20 C:\Users\Drogoth\AppData\Local\arduino\sketches\5B74A777885122E91C8732D968E37FA7\libraries\SparkFun_LIS2DH12_Arduino_Library\lis2dh12_reg.cpp.o
 .debug_line    0x00002372      0x251 C:\Users\Drogoth\AppData\Local\arduino\sketches\5B74A777885122E91C8732D968E37FA7\core\variant.cpp.o
 .debug_line    0x000025c3      0x7c5 C:\Users\Drogoth\AppData\Local\arduino\sketches\5B74A777885122E91C8732D968E37FA7/..\..\cores\sandeepmistry_nRF5_Generic_nRF52833_softdevice_none,lfclk_lfxo_1e049c52f3da9da825db5b125609bf59\core.a(Print.cpp.o)
 .debug_line    0x00002d88      0x266 C:\Users\Drogoth\AppData\Local\arduino\sketches\5B74A777885122E91C8732D968E37FA7/..\..\cores\sandeepmistry_nRF5_Generic_nRF52833_softdevice_none,lfclk_lfxo_1e049c52f3da9da825db5b125609bf59\core.a(RingBuffer.cpp.o)
 .debug_line    0x00002fee       0xe2 C:\Users\Drogoth\AppData\Local\arduino\sketches\5B74A777885122E91C8732D968E37FA7/..\..\cores\sandeepmistry_nRF5_Generic_nRF52833_softdevice_none,lfclk_lfxo_1e049c52f3da9da825db5b125609bf59\core.a(gcc_startup_nrf52833.S.o)
 .debug_line    0x000030d0      0x390 C:\Users\Drogoth\AppData\Local\arduino\sketches\5B74A777885122E91C8732D968E37FA7/..\..\cores\sandeepmistry_nRF5_Generic_nRF52833_softdevice_none,lfclk_lfxo_1e049c52f3da9da825db5b125609bf59\core.a(system_nrf52.c.o)
 .debug_line    0x00003460      0x763 C:\Users\Drogoth\AppData\Local\arduino\sketches\5B74A777885122E91C8732D968E37FA7/..\..\cores\sandeepmistry_nRF5_Generic_nRF52833_softdevice_none,lfclk_lfxo_1e049c52f3da9da825db5b125609bf59\core.a(Uart.cpp.o)
 .debug_line    0x00003bc3      0x396 C:\Users\Drogoth\AppData\Local\arduino\sketches\5B74A777885122E91C8732D968E37FA7/..\..\cores\sandeepmistry_nRF5_Generic_nRF52833_softdevice_none,lfclk_lfxo_1e049c52f3da9da825db5b125609bf59\core.a(delay.c.o)
 .debug_line    0x00003f59       0xb5 C:\Users\Drogoth\AppData\Local\arduino\sketches\5B74A777885122E91C8732D968E37FA7/..\..\cores\sandeepmistry_nRF5_Generic_nRF52833_softdevice_none,lfclk_lfxo_1e049c52f3da9da825db5b125609bf59\core.a(hooks.c.o)
 .debug_line    0x0000400e      0x4fe C:\Users\Drogoth\AppData\Local\arduino\sketches\5B74A777885122E91C8732D968E37FA7/..\..\cores\sandeepmistry_nRF5_Generic_nRF52833_softdevice_none,lfclk_lfxo_1e049c52f3da9da825db5b125609bf59\core.a(main.cpp.o)
 .debug_line    0x0000450c      0x356 C:\Users\Drogoth\AppData\Local\arduino\sketches\5B74A777885122E91C8732D968E37FA7/..\..\cores\sandeepmistry_nRF5_Generic_nRF52833_softdevice_none,lfclk_lfxo_1e049c52f3da9da825db5b125609bf59\core.a(wiring.c.o)

.debug_str      0x00000000     0x51d2
 .debug_str     0x00000000      0xcbf C:\Users\Drogoth\AppData\Local\arduino\sketches\5B74A777885122E91C8732D968E37FA7\sketch\accel_test.ino.cpp.o
                                0xd87 (size before relaxing)
 .debug_str     0x00000cbf     0x1a61 C:\Users\Drogoth\AppData\Local\arduino\sketches\5B74A777885122E91C8732D968E37FA7\libraries\Wire\Wire_nRF52.cpp.o
                               0x1f4c (size before relaxing)
 .debug_str     0x00002720      0xd3e C:\Users\Drogoth\AppData\Local\arduino\sketches\5B74A777885122E91C8732D968E37FA7\libraries\SparkFun_LIS2DH12_Arduino_Library\SparkFun_LIS2DH12.cpp.o
                               0x1d0a (size before relaxing)
 .debug_str     0x0000345e      0xba6 C:\Users\Drogoth\AppData\Local\arduino\sketches\5B74A777885122E91C8732D968E37FA7\libraries\SparkFun_LIS2DH12_Arduino_Library\lis2dh12_reg.cpp.o
                               0x1ce8 (size before relaxing)
 .debug_str     0x00004004       0x71 C:\Users\Drogoth\AppData\Local\arduino\sketches\5B74A777885122E91C8732D968E37FA7\core\variant.cpp.o
                                0x25e (size before relaxing)
 .debug_str     0x00004075      0x3e8 C:\Users\Drogoth\AppData\Local\arduino\sketches\5B74A777885122E91C8732D968E37FA7/..\..\cores\sandeepmistry_nRF5_Generic_nRF52833_softdevice_none,lfclk_lfxo_1e049c52f3da9da825db5b125609bf59\core.a(Print.cpp.o)
                               0x1243 (size before relaxing)
 .debug_str     0x0000445d       0x8f C:\Users\Drogoth\AppData\Local\arduino\sketches\5B74A777885122E91C8732D968E37FA7/..\..\cores\sandeepmistry_nRF5_Generic_nRF52833_softdevice_none,lfclk_lfxo_1e049c52f3da9da825db5b125609bf59\core.a(RingBuffer.cpp.o)
                                0x3bc (size before relaxing)
 .debug_str     0x000044ec      0x5ab C:\Users\Drogoth\AppData\Local\arduino\sketches\5B74A777885122E91C8732D968E37FA7/..\..\cores\sandeepmistry_nRF5_Generic_nRF52833_softdevice_none,lfclk_lfxo_1e049c52f3da9da825db5b125609bf59\core.a(system_nrf52.c.o)
                                0x788 (size before relaxing)
 .debug_str     0x00004a97      0x479 C:\Users\Drogoth\AppData\Local\arduino\sketches\5B74A777885122E91C8732D968E37FA7/..\..\cores\sandeepmistry_nRF5_Generic_nRF52833_softdevice_none,lfclk_lfxo_1e049c52f3da9da825db5b125609bf59\core.a(Uart.cpp.o)
                               0x1d5f (size before relaxing)
 .debug_str     0x00004f10      0x12f C:\Users\Drogoth\AppData\Local\arduino\sketches\5B74A777885122E91C8732D968E37FA7/..\..\cores\sandeepmistry_nRF5_Generic_nRF52833_softdevice_none,lfclk_lfxo_1e049c52f3da9da825db5b125609bf59\core.a(delay.c.o)
                                0x380 (size before relaxing)
 .debug_str     0x0000503f       0x7e C:\Users\Drogoth\AppData\Local\arduino\sketches\5B74A777885122E91C8732D968E37FA7/..\..\cores\sandeepmistry_nRF5_Generic_nRF52833_softdevice_none,lfclk_lfxo_1e049c52f3da9da825db5b125609bf59\core.a(hooks.c.o)
                                0x15c (size before relaxing)
 .debug_str     0x000050bd       0xad C:\Users\Drogoth\AppData\Local\arduino\sketches\5B74A777885122E91C8732D968E37FA7/..\..\cores\sandeepmistry_nRF5_Generic_nRF52833_softdevice_none,lfclk_lfxo_1e049c52f3da9da825db5b125609bf59\core.a(main.cpp.o)
                                0x383 (size before relaxing)
 .debug_str     0x0000516a       0x68 C:\Users\Drogoth\AppData\Local\arduino\sketches\5B74A777885122E91C8732D968E37FA7/..\..\cores\sandeepmistry_nRF5_Generic_nRF52833_softdevice_none,lfclk_lfxo_1e049c52f3da9da825db5b125609bf59\core.a(wiring.c.o)
                                0x829 (size before relaxing)

.debug_frame    0x00000000     0x17a0
 .debug_frame   0x00000000       0x64 C:\Users\Drogoth\AppData\Local\arduino\sketches\5B74A777885122E91C8732D968E37FA7\sketch\accel_test.ino.cpp.o
 .debug_frame   0x00000064      0x1fc C:\Users\Drogoth\AppData\Local\arduino\sketches\5B74A777885122E91C8732D968E37FA7\libraries\Wire\Wire_nRF52.cpp.o
 .debug_frame   0x00000260      0x39c C:\Users\Drogoth\AppData\Local\arduino\sketches\5B74A777885122E91C8732D968E37FA7\libraries\SparkFun_LIS2DH12_Arduino_Library\SparkFun_LIS2DH12.cpp.o
 .debug_frame   0x000005fc      0xaa0 C:\Users\Drogoth\AppData\Local\arduino\sketches\5B74A777885122E91C8732D968E37FA7\libraries\SparkFun_LIS2DH12_Arduino_Library\lis2dh12_reg.cpp.o
 .debug_frame   0x0000109c      0x2d8 C:\Users\Drogoth\AppData\Local\arduino\sketches\5B74A777885122E91C8732D968E37FA7/..\..\cores\sandeepmistry_nRF5_Generic_nRF52833_softdevice_none,lfclk_lfxo_1e049c52f3da9da825db5b125609bf59\core.a(Print.cpp.o)
 .debug_frame   0x00001374       0xa0 C:\Users\Drogoth\AppData\Local\arduino\sketches\5B74A777885122E91C8732D968E37FA7/..\..\cores\sandeepmistry_nRF5_Generic_nRF52833_softdevice_none,lfclk_lfxo_1e049c52f3da9da825db5b125609bf59\core.a(RingBuffer.cpp.o)
 .debug_frame   0x00001414       0x50 C:\Users\Drogoth\AppData\Local\arduino\sketches\5B74A777885122E91C8732D968E37FA7/..\..\cores\sandeepmistry_nRF5_Generic_nRF52833_softdevice_none,lfclk_lfxo_1e049c52f3da9da825db5b125609bf59\core.a(system_nrf52.c.o)
 .debug_frame   0x00001464      0x160 C:\Users\Drogoth\AppData\Local\arduino\sketches\5B74A777885122E91C8732D968E37FA7/..\..\cores\sandeepmistry_nRF5_Generic_nRF52833_softdevice_none,lfclk_lfxo_1e049c52f3da9da825db5b125609bf59\core.a(Uart.cpp.o)
 .debug_frame   0x000015c4       0x7c C:\Users\Drogoth\AppData\Local\arduino\sketches\5B74A777885122E91C8732D968E37FA7/..\..\cores\sandeepmistry_nRF5_Generic_nRF52833_softdevice_none,lfclk_lfxo_1e049c52f3da9da825db5b125609bf59\core.a(delay.c.o)
 .debug_frame   0x00001640       0x40 C:\Users\Drogoth\AppData\Local\arduino\sketches\5B74A777885122E91C8732D968E37FA7/..\..\cores\sandeepmistry_nRF5_Generic_nRF52833_softdevice_none,lfclk_lfxo_1e049c52f3da9da825db5b125609bf59\core.a(hooks.c.o)
 .debug_frame   0x00001680       0x38 C:\Users\Drogoth\AppData\Local\arduino\sketches\5B74A777885122E91C8732D968E37FA7/..\..\cores\sandeepmistry_nRF5_Generic_nRF52833_softdevice_none,lfclk_lfxo_1e049c52f3da9da825db5b125609bf59\core.a(main.cpp.o)
 .debug_frame   0x000016b8       0x20 C:\Users\Drogoth\AppData\Local\arduino\sketches\5B74A777885122E91C8732D968E37FA7/..\..\cores\sandeepmistry_nRF5_Generic_nRF52833_softdevice_none,lfclk_lfxo_1e049c52f3da9da825db5b125609bf59\core.a(wiring.c.o)
 .debug_frame   0x000016d8       0x34 c:/users/drogoth/appdata/local/arduino15/packages/sandeepmistry/tools/gcc-arm-none-eabi/5_2-2015q4/bin/../lib/gcc/arm-none-eabi/5.2.1/../../../../arm-none-eabi/lib/armv7e-m/fpu\libm.a(lib_a-s_fpclassify.o)
 .debug_frame   0x0000170c       0x28 c:/users/drogoth/appdata/local/arduino15/packages/sandeepmistry/tools/gcc-arm-none-eabi/5_2-2015q4/bin/../lib/gcc/arm-none-eabi/5.2.1/../../../../arm-none-eabi/lib/armv7e-m/fpu\libc_nano.a(lib_a-exit.o)
 .debug_frame   0x00001734       0x2c c:/users/drogoth/appdata/local/arduino15/packages/sandeepmistry/tools/gcc-arm-none-eabi/5_2-2015q4/bin/../lib/gcc/arm-none-eabi/5.2.1/../../../../arm-none-eabi/lib/armv7e-m/fpu\libc_nano.a(lib_a-init.o)
 .debug_frame   0x00001760       0x20 c:/users/drogoth/appdata/local/arduino15/packages/sandeepmistry/tools/gcc-arm-none-eabi/5_2-2015q4/bin/../lib/gcc/arm-none-eabi/5.2.1/../../../../arm-none-eabi/lib/armv7e-m/fpu\libc_nano.a(lib_a-memset.o)
 .debug_frame   0x00001780       0x20 c:/users/drogoth/appdata/local/arduino15/packages/sandeepmistry/tools/gcc-arm-none-eabi/5_2-2015q4/bin/../lib/gcc/arm-none-eabi/5.2.1/../../../../arm-none-eabi/lib/armv7e-m/fpu\libnosys.a(_exit.o)

Cross Reference Table

Symbol                                            File
BusFault_Handler                                  C:\Users\Drogoth\AppData\Local\arduino\sketches\5B74A777885122E91C8732D968E37FA7/..\..\cores\sandeepmistry_nRF5_Generic_nRF52833_softdevice_none,lfclk_lfxo_1e049c52f3da9da825db5b125609bf59\core.a(gcc_startup_nrf52833.S.o)
CCM_AAR_IRQHandler                                C:\Users\Drogoth\AppData\Local\arduino\sketches\5B74A777885122E91C8732D968E37FA7/..\..\cores\sandeepmistry_nRF5_Generic_nRF52833_softdevice_none,lfclk_lfxo_1e049c52f3da9da825db5b125609bf59\core.a(gcc_startup_nrf52833.S.o)
COMP_LPCOMP_IRQHandler                            C:\Users\Drogoth\AppData\Local\arduino\sketches\5B74A777885122E91C8732D968E37FA7/..\..\cores\sandeepmistry_nRF5_Generic_nRF52833_softdevice_none,lfclk_lfxo_1e049c52f3da9da825db5b125609bf59\core.a(gcc_startup_nrf52833.S.o)
DebugMon_Handler                                  C:\Users\Drogoth\AppData\Local\arduino\sketches\5B74A777885122E91C8732D968E37FA7/..\..\cores\sandeepmistry_nRF5_Generic_nRF52833_softdevice_none,lfclk_lfxo_1e049c52f3da9da825db5b125609bf59\core.a(gcc_startup_nrf52833.S.o)
Default_Handler                                   C:\Users\Drogoth\AppData\Local\arduino\sketches\5B74A777885122E91C8732D968E37FA7/..\..\cores\sandeepmistry_nRF5_Generic_nRF52833_softdevice_none,lfclk_lfxo_1e049c52f3da9da825db5b125609bf59\core.a(gcc_startup_nrf52833.S.o)
ECB_IRQHandler                                    C:\Users\Drogoth\AppData\Local\arduino\sketches\5B74A777885122E91C8732D968E37FA7/..\..\cores\sandeepmistry_nRF5_Generic_nRF52833_softdevice_none,lfclk_lfxo_1e049c52f3da9da825db5b125609bf59\core.a(gcc_startup_nrf52833.S.o)
FPU_IRQHandler                                    C:\Users\Drogoth\AppData\Local\arduino\sketches\5B74A777885122E91C8732D968E37FA7/..\..\cores\sandeepmistry_nRF5_Generic_nRF52833_softdevice_none,lfclk_lfxo_1e049c52f3da9da825db5b125609bf59\core.a(gcc_startup_nrf52833.S.o)
GPIOTE_IRQHandler                                 C:\Users\Drogoth\AppData\Local\arduino\sketches\5B74A777885122E91C8732D968E37FA7/..\..\cores\sandeepmistry_nRF5_Generic_nRF52833_softdevice_none,lfclk_lfxo_1e049c52f3da9da825db5b125609bf59\core.a(gcc_startup_nrf52833.S.o)
HardFault_Handler                                 C:\Users\Drogoth\AppData\Local\arduino\sketches\5B74A777885122E91C8732D968E37FA7/..\..\cores\sandeepmistry_nRF5_Generic_nRF52833_softdevice_none,lfclk_lfxo_1e049c52f3da9da825db5b125609bf59\core.a(gcc_startup_nrf52833.S.o)
I2S_IRQHandler                                    C:\Users\Drogoth\AppData\Local\arduino\sketches\5B74A777885122E91C8732D968E37FA7/..\..\cores\sandeepmistry_nRF5_Generic_nRF52833_softdevice_none,lfclk_lfxo_1e049c52f3da9da825db5b125609bf59\core.a(gcc_startup_nrf52833.S.o)
MWU_IRQHandler                                    C:\Users\Drogoth\AppData\Local\arduino\sketches\5B74A777885122E91C8732D968E37FA7/..\..\cores\sandeepmistry_nRF5_Generic_nRF52833_softdevice_none,lfclk_lfxo_1e049c52f3da9da825db5b125609bf59\core.a(gcc_startup_nrf52833.S.o)
MemoryManagement_Handler                          C:\Users\Drogoth\AppData\Local\arduino\sketches\5B74A777885122E91C8732D968E37FA7/..\..\cores\sandeepmistry_nRF5_Generic_nRF52833_softdevice_none,lfclk_lfxo_1e049c52f3da9da825db5b125609bf59\core.a(gcc_startup_nrf52833.S.o)
NFCT_IRQHandler                                   C:\Users\Drogoth\AppData\Local\arduino\sketches\5B74A777885122E91C8732D968E37FA7/..\..\cores\sandeepmistry_nRF5_Generic_nRF52833_softdevice_none,lfclk_lfxo_1e049c52f3da9da825db5b125609bf59\core.a(gcc_startup_nrf52833.S.o)
NMI_Handler                                       C:\Users\Drogoth\AppData\Local\arduino\sketches\5B74A777885122E91C8732D968E37FA7/..\..\cores\sandeepmistry_nRF5_Generic_nRF52833_softdevice_none,lfclk_lfxo_1e049c52f3da9da825db5b125609bf59\core.a(gcc_startup_nrf52833.S.o)